[info   ] UserConfig: Could not read user config file '/home/le/.config/supertuxkart/config-0.10/config.xml'.  A new file will be created.
[info   ] [FileManager]: Data files will be fetched from: '/usr/share/supertuxkart/data/'
[info   ] [FileManager]: User directory is '/home/le/.config/supertuxkart/config-0.10/'.
[info   ] [FileManager]: Addons files will be stored in '/home/le/.local/share/supertuxkart/addons/'.
[info   ] [FileManager]: Screenshots will be stored in '/home/le/.local/share/supertuxkart/screenshots/'.
[info   ] [FileManager]: User-defined grand prix will be stored in '/home/le/.local/share/supertuxkart/grandprix/'.
[info   ] [FileManager]: Asset 0 will be loaded from '/usr/share/supertuxkart/data/challenges/'.
[info   ] [FileManager]: Asset 1 will be loaded from '/usr/share/supertuxkart/data/gfx/'.
[info   ] [FileManager]: Asset 2 will be loaded from '/usr/share/supertuxkart/data/grandprix/'.
[info   ] [FileManager]: Asset 3 will be loaded from '/usr/share/supertuxkart/data/gui/icons/'.
[info   ] [FileManager]: Asset 4 will be loaded from '/usr/share/supertuxkart/data/gui/screens/'.
[info   ] [FileManager]: Asset 5 will be loaded from '/usr/share/supertuxkart/data/gui/dialogs/'.
[info   ] [FileManager]: Asset 6 will be loaded from '/usr/share/supertuxkart/data/replay/'.
[info   ] [FileManager]: Asset 7 will be loaded from '/usr/share/supertuxkart/data/shaders/'.
[info   ] [FileManager]: Asset 8 will be loaded from '/usr/share/supertuxkart/data/skins/'.
[info   ] [FileManager]: Asset 9 will be loaded from '/usr/share/supertuxkart/data/ttf/'.
[info   ] [FileManager]: Asset 10 will be loaded from '/usr/share/supertuxkart/data/po/'.
[info   ] [FileManager]: Asset 11 will be loaded from '/usr/share/supertuxkart/data/library/'.
[info   ] [FileManager]: Asset 12 will be loaded from '/usr/share/supertuxkart/data/models/'.
[info   ] [FileManager]: Asset 13 will be loaded from '/usr/share/supertuxkart/data/music/'.
[info   ] [FileManager]: Asset 14 will be loaded from '/usr/share/supertuxkart/data/sfx/'.
[info   ] [FileManager]: Asset 15 will be loaded from '/usr/share/supertuxkart/data/textures/'.
[info   ] [FileManager]: Asset 16 will be loaded from '/usr/share/supertuxkart/data/tracks/'.
[verbose  ] translation: Env var LANGUAGE = 'en_US.utf8'.
[verbose  ] translation: Language 'English (United States)'.
[info   ] ServerConfig: Could not read server config file '/home/le/.config/supertuxkart/config-0.10/server_config.xml'. A new file will be created.
[info   ] [IrrDriver Logger]: ..:: Antarctica Rendering Engine 2.0 ::..
[info   ] [IrrDriver Logger]: SDL Version 2.0.16
[info   ] [IrrDriver Logger]: Using renderer: OpenGL 4.2
[info   ] [IrrDriver Logger]: Mesa DRI Intel(R) HD Graphics 4000 (IVB GT2): Intel Open Source Technology Center
[info   ] [IrrDriver Logger]: OpenGL driver version is 1.2 or better.
[info   ] [IrrDriver Logger]: GLSL version: 4.2
[info   ] IrrDriver: OpenGL version: 4.2
[info   ] IrrDriver: OpenGL vendor: Intel Open Source Technology Center
[info   ] IrrDriver: OpenGL renderer: Mesa DRI Intel(R) HD Graphics 4000 (IVB GT2)
[info   ] IrrDriver: OpenGL version string: 4.2 (Core Profile) Mesa 21.2.3
[info   ] GLDriver: ARB Buffer Storage Present
[info   ] GLDriver: ARB Compute Shader Present
[info   ] GLDriver: ARB Arrays of Arrays Present
[info   ] GLDriver: ARB Texture Storage Present
[info   ] GLDriver: ARB Texture View Present
[info   ] GLDriver: ARB Image Load Store Present
[info   ] GLDriver: ARB Shader Atomic Counters Present
[info   ] GLDriver: ARB Shader Storage Buffer Object Present
[info   ] GLDriver: EXT Texture Compression S3TC Present
[info   ] GLDriver: ARB Uniform Buffer Object Present
[info   ] GLDriver: ARB Explicit Attrib Location Present
[info   ] GLDriver: EXT Texture Filter Anisotropic Present
[info   ] GLDriver: Geometry Shaders Present
[info   ] GLDriver: ARB Texture Buffer Object Present
[info   ] GLDriver: ARB Texture Swizzle Present
[info   ] GLDriver: ARB Pixel Buffer Object Present
[info   ] GLDriver: ARB Sampler Objects Present
[info   ] GLDriver: ARB Vertex Type 2_10_10_10_rev Present
[info   ] GLDriver: ARB Instanced Arrays Present
[info   ] SharedGPUObjects: Hardware Skinning enabled, method: TBO, max bones: 1024
[info   ] ShaderFilesManager: Compiling shader: /usr/share/supertuxkart/data/shaders/screenquad.vert
[info   ] ShaderFilesManager: Compiling shader: /usr/share/supertuxkart/data/shaders/motion_blur.frag
[info   ] ShaderFilesManager: Compiling shader: /usr/share/supertuxkart/data/shaders/lightning.frag
[info   ] ShaderFilesManager: Compiling shader: /usr/share/supertuxkart/data/shaders/primitive2dlist.vert
[info   ] ShaderFilesManager: Compiling shader: /usr/share/supertuxkart/data/shaders/transparent.frag
[info   ] ShaderFilesManager: Compiling shader: /usr/share/supertuxkart/data/shaders/texturedquad.vert
[info   ] ShaderFilesManager: Compiling shader: /usr/share/supertuxkart/data/shaders/uniformcolortexturedquad.frag
[info   ] ShaderFilesManager: Compiling shader: /usr/share/supertuxkart/data/shaders/texturedquad.frag
[info   ] ShaderFilesManager: Compiling shader: /usr/share/supertuxkart/data/shaders/coloredquad.vert
[info   ] ShaderFilesManager: Compiling shader: /usr/share/supertuxkart/data/shaders/coloredquad.frag
[info   ] ShaderFilesManager: Compiling shader: /usr/share/supertuxkart/data/shaders/colortexturedquad.vert
[info   ] ShaderFilesManager: Compiling shader: /usr/share/supertuxkart/data/shaders/colortexturedquad.frag
[info   ] irr_driver: GLSL supported.
[info   ] ShaderFilesManager: Compiling shader: /usr/share/supertuxkart/data/shaders/sp_pass.vert
[info   ] ShaderFilesManager: Compiling shader: /usr/share/supertuxkart/data/shaders/sp_solid.frag
[info   ] ShaderFilesManager: Compiling shader: /usr/share/supertuxkart/data/shaders/sp_shadow.vert
[info   ] ShaderFilesManager: Compiling shader: /usr/share/supertuxkart/data/shaders/white.frag
[info   ] ShaderFilesManager: Compiling shader: /usr/share/supertuxkart/data/shaders/sp_skinning.vert
[info   ] ShaderFilesManager: Compiling shader: /usr/share/supertuxkart/data/shaders/sp_skinning_shadow.vert
[info   ] ShaderFilesManager: Compiling shader: /usr/share/supertuxkart/data/shaders/sp_normal_map.frag
[info   ] ShaderFilesManager: Compiling shader: /usr/share/supertuxkart/data/shaders/sp_alpha_test.frag
[info   ] ShaderFilesManager: Compiling shader: /usr/share/supertuxkart/data/shaders/sp_shadow_alpha_test.frag
[info   ] ShaderFilesManager: Compiling shader: /usr/share/supertuxkart/data/shaders/sp_decal.frag
[info   ] ShaderFilesManager: Compiling shader: /usr/share/supertuxkart/data/shaders/sp_grass_pass.vert
[info   ] ShaderFilesManager: Compiling shader: /usr/share/supertuxkart/data/shaders/sp_grass.frag
[info   ] ShaderFilesManager: Compiling shader: /usr/share/supertuxkart/data/shaders/sp_grass_shadow.vert
[info   ] ShaderFilesManager: Compiling shader: /usr/share/supertuxkart/data/shaders/sp_unlit.frag
[info   ] ShaderFilesManager: Compiling shader: /usr/share/supertuxkart/data/shaders/sp_transparent.frag
[info   ] ShaderFilesManager: Compiling shader: /usr/share/supertuxkart/data/shaders/sp_ghost.frag
[info   ] ShaderFilesManager: Compiling shader: /usr/share/supertuxkart/data/shaders/sp_dynamic_night_bloom.frag
[info   ] ShaderFilesManager: Compiling shader: /usr/share/supertuxkart/data/shaders/sp_tilling_mitigation.frag
[info   ] ShaderFilesManager: Compiling shader: /usr/share/supertuxkart/data/shaders/sp_vertical_mapping.frag
[info   ] ShaderFilesManager: Compiling shader: /usr/share/supertuxkart/data/shaders/sp_road_blending.frag
[info   ] [FileManager]: Creating directory(ies) '/home/le/.cache/supertuxkart/cached-textures/hd/textures'
[info   ] FileManager: Creating directory '/home/le/.cache/supertuxkart/cached-textures/hd/'.
[info   ] FileManager: Creating directory '/home/le/.cache/supertuxkart/cached-textures/hd/textures/'.
[info   ] ShaderFilesManager: Compiling shader: /usr/share/supertuxkart/data/shaders/sp_displace.frag
[info   ] ShaderFilesManager: Compiling shader: /usr/share/supertuxkart/data/shaders/colorize.frag
[info   ] ShaderFilesManager: Compiling shader: /usr/share/supertuxkart/data/shaders/sp_normal_visualizer.vert
[info   ] ShaderFilesManager: Compiling shader: /usr/share/supertuxkart/data/shaders/sp_normal_visualizer.geom
[info   ] ShaderFilesManager: Compiling shader: /usr/share/supertuxkart/data/shaders/sp_normal_visualizer.frag
[info   ] player_manager: A new players.xml file will be created.
[info   ] Highscore Manager: New highscore file '/home/le/.config/supertuxkart/config-0.10/highscore.xml' created.

[info   ] GrandPrixManager: Loading Grand Prix files from /usr/share/supertuxkart/data/grandprix/
[info   ] GrandPrixManager: Loading Grand Prix files from /home/le/.local/share/supertuxkart/grandprix/
[info   ] [FileManager]: Creating directory(ies) '/home/le/.cache/supertuxkart/cached-textures/hd/karts/adiumy'
[info   ] FileManager: Creating directory '/home/le/.cache/supertuxkart/cached-textures/hd/karts/'.
[info   ] FileManager: Creating directory '/home/le/.cache/supertuxkart/cached-textures/hd/karts/adiumy/'.
[info   ] [FileManager]: Creating directory(ies) '/home/le/.cache/supertuxkart/cached-textures/hd/karts/amanda'
[info   ] FileManager: Creating directory '/home/le/.cache/supertuxkart/cached-textures/hd/karts/amanda/'.
[info   ] [FileManager]: Creating directory(ies) '/home/le/.cache/supertuxkart/cached-textures/hd/karts/beastie'
[info   ] FileManager: Creating directory '/home/le/.cache/supertuxkart/cached-textures/hd/karts/beastie/'.
[info   ] [FileManager]: Creating directory(ies) '/home/le/.cache/supertuxkart/cached-textures/hd/karts/emule'
[info   ] FileManager: Creating directory '/home/le/.cache/supertuxkart/cached-textures/hd/karts/emule/'.
[info   ] [FileManager]: Creating directory(ies) '/home/le/.cache/supertuxkart/cached-textures/hd/karts/gavroche'
[info   ] FileManager: Creating directory '/home/le/.cache/supertuxkart/cached-textures/hd/karts/gavroche/'.
[info   ] [FileManager]: Creating directory(ies) '/home/le/.cache/supertuxkart/cached-textures/hd/karts/gnu'
[info   ] FileManager: Creating directory '/home/le/.cache/supertuxkart/cached-textures/hd/karts/gnu/'.
[info   ] [FileManager]: Creating directory(ies) '/home/le/.cache/supertuxkart/cached-textures/hd/karts/hexley'
[info   ] FileManager: Creating directory '/home/le/.cache/supertuxkart/cached-textures/hd/karts/hexley/'.
[info   ] [FileManager]: Creating directory(ies) '/home/le/.cache/supertuxkart/cached-textures/hd/karts/kiki'
[info   ] FileManager: Creating directory '/home/le/.cache/supertuxkart/cached-textures/hd/karts/kiki/'.
[info   ] [FileManager]: Creating directory(ies) '/home/le/.cache/supertuxkart/cached-textures/hd/karts/konqi'
[info   ] FileManager: Creating directory '/home/le/.cache/supertuxkart/cached-textures/hd/karts/konqi/'.
[warn   ] SPMeshBuffer: kartDirt shader is missing, fallback to solid
[info   ] [FileManager]: Creating directory(ies) '/home/le/.cache/supertuxkart/cached-textures/hd/karts/nolok'
[info   ] FileManager: Creating directory '/home/le/.cache/supertuxkart/cached-textures/hd/karts/nolok/'.
[warn   ] SPMeshBuffer: kartDirt shader is missing, fallback to solid
[warn   ] SPMeshBuffer: kartDirt shader is missing, fallback to solid
[warn   ] SPMeshBuffer: kartDirt shader is missing, fallback to solid
[warn   ] SPMeshBuffer: kartDirt shader is missing, fallback to solid
[info   ] [FileManager]: Creating directory(ies) '/home/le/.cache/supertuxkart/cached-textures/hd/karts/pidgin'
[info   ] FileManager: Creating directory '/home/le/.cache/supertuxkart/cached-textures/hd/karts/pidgin/'.
[info   ] [FileManager]: Creating directory(ies) '/home/le/.cache/supertuxkart/cached-textures/hd/karts/puffy'
[info   ] FileManager: Creating directory '/home/le/.cache/supertuxkart/cached-textures/hd/karts/puffy/'.
[info   ] [FileManager]: Creating directory(ies) '/home/le/.cache/supertuxkart/cached-textures/hd/karts/sara_the_racer'
[info   ] FileManager: Creating directory '/home/le/.cache/supertuxkart/cached-textures/hd/karts/sara_the_racer/'.
[info   ] [FileManager]: Creating directory(ies) '/home/le/.cache/supertuxkart/cached-textures/hd/karts/sara_the_wizard'
[info   ] FileManager: Creating directory '/home/le/.cache/supertuxkart/cached-textures/hd/karts/sara_the_wizard/'.
[info   ] [FileManager]: Creating directory(ies) '/home/le/.cache/supertuxkart/cached-textures/hd/karts/suzanne'
[info   ] FileManager: Creating directory '/home/le/.cache/supertuxkart/cached-textures/hd/karts/suzanne/'.
[info   ] [FileManager]: Creating directory(ies) '/home/le/.cache/supertuxkart/cached-textures/hd/karts/tux'
[info   ] FileManager: Creating directory '/home/le/.cache/supertuxkart/cached-textures/hd/karts/tux/'.
[info   ] [FileManager]: Creating directory(ies) '/home/le/.cache/supertuxkart/cached-textures/hd/karts/wilber'
[info   ] FileManager: Creating directory '/home/le/.cache/supertuxkart/cached-textures/hd/karts/wilber/'.
[info   ] [FileManager]: Creating directory(ies) '/home/le/.cache/supertuxkart/cached-textures/hd/karts/xue'
[info   ] FileManager: Creating directory '/home/le/.cache/supertuxkart/cached-textures/hd/karts/xue/'.
[info   ] [FileManager]: Creating directory(ies) '/home/le/.cache/supertuxkart/cached-textures/hd/models'
[info   ] FileManager: Creating directory '/home/le/.cache/supertuxkart/cached-textures/hd/models/'.
[warn   ] LayoutManager: Statically sized widgets took all the place!!
[warn   ] LayoutManager: Statically sized widgets took all the place!!
[warn   ] LayoutManager: Statically sized widgets took all the place!!
[warn   ] LayoutManager: Statically sized widgets took all the place!!
[info   ] Singleton: Destroyed singleton.
[info   ] Singleton: Destroyed singleton.
[info   ] Singleton: Destroyed singleton.
[info   ] Singleton: Destroyed singleton.
[info   ] Singleton: Destroyed singleton.
[info   ] Singleton: Destroyed singleton.
[info   ] Singleton: Destroyed singleton.
[info   ] Singleton: Destroyed singleton.
[info   ] Singleton: Destroyed singleton.
[info   ] Singleton: Destroyed singleton.
[info   ] [IrrDriver Logger]: ..:: Antarctica Rendering Engine 2.0 ::..
[info   ] [IrrDriver Logger]: SDL Version 2.0.16
[info   ] [IrrDriver Logger]: Using renderer: OpenGL 4.2
[info   ] [IrrDriver Logger]: Mesa DRI Intel(R) HD Graphics 4000 (IVB GT2): Intel Open Source Technology Center
[info   ] [IrrDriver Logger]: OpenGL driver version is 1.2 or better.
[info   ] [IrrDriver Logger]: GLSL version: 4.2
[info   ] IrrDriver: OpenGL version: 4.2
[info   ] IrrDriver: OpenGL vendor: Intel Open Source Technology Center
[info   ] IrrDriver: OpenGL renderer: Mesa DRI Intel(R) HD Graphics 4000 (IVB GT2)
[info   ] IrrDriver: OpenGL version string: 4.2 (Core Profile) Mesa 21.2.3
[info   ] GLDriver: ARB Buffer Storage Present
[info   ] GLDriver: ARB Compute Shader Present
[info   ] GLDriver: ARB Arrays of Arrays Present
[info   ] GLDriver: ARB Texture Storage Present
[info   ] GLDriver: ARB Texture View Present
[info   ] GLDriver: ARB Image Load Store Present
[info   ] GLDriver: ARB Shader Atomic Counters Present
[info   ] GLDriver: ARB Shader Storage Buffer Object Present
[info   ] GLDriver: EXT Texture Compression S3TC Present
[info   ] GLDriver: ARB Uniform Buffer Object Present
[info   ] GLDriver: ARB Explicit Attrib Location Present
[info   ] GLDriver: EXT Texture Filter Anisotropic Present
[info   ] GLDriver: Geometry Shaders Present
[info   ] GLDriver: ARB Texture Buffer Object Present
[info   ] GLDriver: ARB Texture Swizzle Present
[info   ] GLDriver: ARB Pixel Buffer Object Present
[info   ] GLDriver: ARB Sampler Objects Present
[info   ] GLDriver: ARB Vertex Type 2_10_10_10_rev Present
[info   ] GLDriver: ARB Instanced Arrays Present
[info   ] SharedGPUObjects: Hardware Skinning enabled, method: TBO, max bones: 1024
[info   ] ShaderFilesManager: Compiling shader: /usr/share/supertuxkart/data/shaders/screenquad.vert
[info   ] ShaderFilesManager: Compiling shader: /usr/share/supertuxkart/data/shaders/motion_blur.frag
[info   ] ShaderFilesManager: Compiling shader: /usr/share/supertuxkart/data/shaders/lightning.frag
[info   ] ShaderFilesManager: Compiling shader: /usr/share/supertuxkart/data/shaders/primitive2dlist.vert
[info   ] ShaderFilesManager: Compiling shader: /usr/share/supertuxkart/data/shaders/transparent.frag
[info   ] ShaderFilesManager: Compiling shader: /usr/share/supertuxkart/data/shaders/texturedquad.vert
[info   ] ShaderFilesManager: Compiling shader: /usr/share/supertuxkart/data/shaders/uniformcolortexturedquad.frag
[info   ] ShaderFilesManager: Compiling shader: /usr/share/supertuxkart/data/shaders/texturedquad.frag
[info   ] ShaderFilesManager: Compiling shader: /usr/share/supertuxkart/data/shaders/coloredquad.vert
[info   ] ShaderFilesManager: Compiling shader: /usr/share/supertuxkart/data/shaders/coloredquad.frag
[info   ] ShaderFilesManager: Compiling shader: /usr/share/supertuxkart/data/shaders/colortexturedquad.vert
[info   ] ShaderFilesManager: Compiling shader: /usr/share/supertuxkart/data/shaders/colortexturedquad.frag
[info   ] irr_driver: GLSL supported.
[info   ] ShaderFilesManager: Compiling shader: /usr/share/supertuxkart/data/shaders/sp_pass.vert
[info   ] ShaderFilesManager: Compiling shader: /usr/share/supertuxkart/data/shaders/sp_solid.frag
[info   ] ShaderFilesManager: Compiling shader: /usr/share/supertuxkart/data/shaders/sp_skinning.vert
[info   ] ShaderFilesManager: Compiling shader: /usr/share/supertuxkart/data/shaders/sp_alpha_test.frag
[info   ] ShaderFilesManager: Compiling shader: /usr/share/supertuxkart/data/shaders/sp_decal.frag
[info   ] ShaderFilesManager: Compiling shader: /usr/share/supertuxkart/data/shaders/sp_grass_pass.vert
[info   ] ShaderFilesManager: Compiling shader: /usr/share/supertuxkart/data/shaders/sp_grass.frag
[info   ] ShaderFilesManager: Compiling shader: /usr/share/supertuxkart/data/shaders/sp_transparent.frag
[info   ] ShaderFilesManager: Compiling shader: /usr/share/supertuxkart/data/shaders/sp_ghost.frag
[info   ] [FileManager]: Creating directory(ies) '/home/le/.cache/supertuxkart/cached-textures/resized_512/models'
[info   ] FileManager: Creating directory '/home/le/.cache/supertuxkart/cached-textures/resized_512/'.
[info   ] FileManager: Creating directory '/home/le/.cache/supertuxkart/cached-textures/resized_512/models/'.
[info   ] [FileManager]: Creating directory(ies) '/home/le/.cache/supertuxkart/cached-textures/resized_512/karts/adiumy'
[info   ] FileManager: Creating directory '/home/le/.cache/supertuxkart/cached-textures/resized_512/karts/'.
[info   ] FileManager: Creating directory '/home/le/.cache/supertuxkart/cached-textures/resized_512/karts/adiumy/'.
[info   ] [FileManager]: Creating directory(ies) '/home/le/.cache/supertuxkart/cached-textures/resized_512/textures'
[info   ] FileManager: Creating directory '/home/le/.cache/supertuxkart/cached-textures/resized_512/textures/'.
[info   ] [FileManager]: Creating directory(ies) '/home/le/.cache/supertuxkart/cached-textures/resized_512/karts/amanda'
[info   ] FileManager: Creating directory '/home/le/.cache/supertuxkart/cached-textures/resized_512/karts/amanda/'.
[info   ] [FileManager]: Creating directory(ies) '/home/le/.cache/supertuxkart/cached-textures/resized_512/karts/beastie'
[info   ] FileManager: Creating directory '/home/le/.cache/supertuxkart/cached-textures/resized_512/karts/beastie/'.
[info   ] [FileManager]: Creating directory(ies) '/home/le/.cache/supertuxkart/cached-textures/resized_512/karts/emule'
[info   ] FileManager: Creating directory '/home/le/.cache/supertuxkart/cached-textures/resized_512/karts/emule/'.
[info   ] [FileManager]: Creating directory(ies) '/home/le/.cache/supertuxkart/cached-textures/resized_512/karts/gavroche'
[info   ] FileManager: Creating directory '/home/le/.cache/supertuxkart/cached-textures/resized_512/karts/gavroche/'.
[info   ] [FileManager]: Creating directory(ies) '/home/le/.cache/supertuxkart/cached-textures/resized_512/karts/gnu'
[info   ] FileManager: Creating directory '/home/le/.cache/supertuxkart/cached-textures/resized_512/karts/gnu/'.
[info   ] [FileManager]: Creating directory(ies) '/home/le/.cache/supertuxkart/cached-textures/resized_512/karts/hexley'
[info   ] FileManager: Creating directory '/home/le/.cache/supertuxkart/cached-textures/resized_512/karts/hexley/'.
[info   ] [FileManager]: Creating directory(ies) '/home/le/.cache/supertuxkart/cached-textures/resized_512/karts/kiki'
[info   ] FileManager: Creating directory '/home/le/.cache/supertuxkart/cached-textures/resized_512/karts/kiki/'.
[info   ] [FileManager]: Creating directory(ies) '/home/le/.cache/supertuxkart/cached-textures/resized_512/karts/konqi'
[info   ] FileManager: Creating directory '/home/le/.cache/supertuxkart/cached-textures/resized_512/karts/konqi/'.
[warn   ] SPMeshBuffer: kartDirt shader is missing, fallback to solid
[info   ] [FileManager]: Creating directory(ies) '/home/le/.cache/supertuxkart/cached-textures/resized_512/karts/nolok'
[info   ] FileManager: Creating directory '/home/le/.cache/supertuxkart/cached-textures/resized_512/karts/nolok/'.
[warn   ] SPMeshBuffer: kartDirt shader is missing, fallback to solid
[warn   ] SPMeshBuffer: kartDirt shader is missing, fallback to solid
[warn   ] SPMeshBuffer: kartDirt shader is missing, fallback to solid
[warn   ] SPMeshBuffer: kartDirt shader is missing, fallback to solid
[info   ] [FileManager]: Creating directory(ies) '/home/le/.cache/supertuxkart/cached-textures/resized_512/karts/pidgin'
[info   ] FileManager: Creating directory '/home/le/.cache/supertuxkart/cached-textures/resized_512/karts/pidgin/'.
[info   ] [FileManager]: Creating directory(ies) '/home/le/.cache/supertuxkart/cached-textures/resized_512/karts/puffy'
[info   ] FileManager: Creating directory '/home/le/.cache/supertuxkart/cached-textures/resized_512/karts/puffy/'.
[info   ] [FileManager]: Creating directory(ies) '/home/le/.cache/supertuxkart/cached-textures/resized_512/karts/sara_the_racer'
[info   ] FileManager: Creating directory '/home/le/.cache/supertuxkart/cached-textures/resized_512/karts/sara_the_racer/'.
[info   ] [FileManager]: Creating directory(ies) '/home/le/.cache/supertuxkart/cached-textures/resized_512/karts/sara_the_wizard'
[info   ] FileManager: Creating directory '/home/le/.cache/supertuxkart/cached-textures/resized_512/karts/sara_the_wizard/'.
[info   ] [FileManager]: Creating directory(ies) '/home/le/.cache/supertuxkart/cached-textures/resized_512/karts/suzanne'
[info   ] FileManager: Creating directory '/home/le/.cache/supertuxkart/cached-textures/resized_512/karts/suzanne/'.
[info   ] [FileManager]: Creating directory(ies) '/home/le/.cache/supertuxkart/cached-textures/resized_512/karts/tux'
[info   ] FileManager: Creating directory '/home/le/.cache/supertuxkart/cached-textures/resized_512/karts/tux/'.
[info   ] [FileManager]: Creating directory(ies) '/home/le/.cache/supertuxkart/cached-textures/resized_512/karts/wilber'
[info   ] FileManager: Creating directory '/home/le/.cache/supertuxkart/cached-textures/resized_512/karts/wilber/'.
[info   ] [FileManager]: Creating directory(ies) '/home/le/.cache/supertuxkart/cached-textures/resized_512/karts/xue'
[info   ] FileManager: Creating directory '/home/le/.cache/supertuxkart/cached-textures/resized_512/karts/xue/'.
[info   ] Singleton: Destroyed singleton.
[info   ] Singleton: Destroyed singleton.
[info   ] Singleton: Destroyed singleton.
[info   ] Singleton: Destroyed singleton.
[info   ] Singleton: Destroyed singleton.
[info   ] Singleton: Destroyed singleton.
[info   ] Singleton: Destroyed singleton.
[info   ] Singleton: Destroyed singleton.
[info   ] Singleton: Destroyed singleton.
[info   ] Singleton: Destroyed singleton.
[info   ] [IrrDriver Logger]: ..:: Antarctica Rendering Engine 2.0 ::..
[info   ] [IrrDriver Logger]: SDL Version 2.0.16
[info   ] [IrrDriver Logger]: Using renderer: OpenGL 4.2
[info   ] [IrrDriver Logger]: Mesa DRI Intel(R) HD Graphics 4000 (IVB GT2): Intel Open Source Technology Center
[info   ] [IrrDriver Logger]: OpenGL driver version is 1.2 or better.
[info   ] [IrrDriver Logger]: GLSL version: 4.2
[info   ] IrrDriver: OpenGL version: 4.2
[info   ] IrrDriver: OpenGL vendor: Intel Open Source Technology Center
[info   ] IrrDriver: OpenGL renderer: Mesa DRI Intel(R) HD Graphics 4000 (IVB GT2)
[info   ] IrrDriver: OpenGL version string: 4.2 (Core Profile) Mesa 21.2.3
[info   ] GLDriver: ARB Buffer Storage Present
[info   ] GLDriver: ARB Compute Shader Present
[info   ] GLDriver: ARB Arrays of Arrays Present
[info   ] GLDriver: ARB Texture Storage Present
[info   ] GLDriver: ARB Texture View Present
[info   ] GLDriver: ARB Image Load Store Present
[info   ] GLDriver: ARB Shader Atomic Counters Present
[info   ] GLDriver: ARB Shader Storage Buffer Object Present
[info   ] GLDriver: EXT Texture Compression S3TC Present
[info   ] GLDriver: ARB Uniform Buffer Object Present
[info   ] GLDriver: ARB Explicit Attrib Location Present
[info   ] GLDriver: EXT Texture Filter Anisotropic Present
[info   ] GLDriver: Geometry Shaders Present
[info   ] GLDriver: ARB Texture Buffer Object Present
[info   ] GLDriver: ARB Texture Swizzle Present
[info   ] GLDriver: ARB Pixel Buffer Object Present
[info   ] GLDriver: ARB Sampler Objects Present
[info   ] GLDriver: ARB Vertex Type 2_10_10_10_rev Present
[info   ] GLDriver: ARB Instanced Arrays Present
[info   ] SharedGPUObjects: Hardware Skinning enabled, method: TBO, max bones: 1024
[info   ] ShaderFilesManager: Compiling shader: /usr/share/supertuxkart/data/shaders/screenquad.vert
[info   ] ShaderFilesManager: Compiling shader: /usr/share/supertuxkart/data/shaders/motion_blur.frag
[info   ] ShaderFilesManager: Compiling shader: /usr/share/supertuxkart/data/shaders/lightning.frag
[info   ] ShaderFilesManager: Compiling shader: /usr/share/supertuxkart/data/shaders/primitive2dlist.vert
[info   ] ShaderFilesManager: Compiling shader: /usr/share/supertuxkart/data/shaders/transparent.frag
[info   ] ShaderFilesManager: Compiling shader: /usr/share/supertuxkart/data/shaders/texturedquad.vert
[info   ] ShaderFilesManager: Compiling shader: /usr/share/supertuxkart/data/shaders/uniformcolortexturedquad.frag
[info   ] ShaderFilesManager: Compiling shader: /usr/share/supertuxkart/data/shaders/texturedquad.frag
[info   ] ShaderFilesManager: Compiling shader: /usr/share/supertuxkart/data/shaders/coloredquad.vert
[info   ] ShaderFilesManager: Compiling shader: /usr/share/supertuxkart/data/shaders/coloredquad.frag
[info   ] ShaderFilesManager: Compiling shader: /usr/share/supertuxkart/data/shaders/colortexturedquad.vert
[info   ] ShaderFilesManager: Compiling shader: /usr/share/supertuxkart/data/shaders/colortexturedquad.frag
[info   ] irr_driver: GLSL supported.
[info   ] ShaderFilesManager: Compiling shader: /usr/share/supertuxkart/data/shaders/sp_pass.vert
[info   ] ShaderFilesManager: Compiling shader: /usr/share/supertuxkart/data/shaders/sp_solid.frag
[info   ] ShaderFilesManager: Compiling shader: /usr/share/supertuxkart/data/shaders/sp_skinning.vert
[info   ] ShaderFilesManager: Compiling shader: /usr/share/supertuxkart/data/shaders/sp_alpha_test.frag
[info   ] ShaderFilesManager: Compiling shader: /usr/share/supertuxkart/data/shaders/sp_decal.frag
[info   ] ShaderFilesManager: Compiling shader: /usr/share/supertuxkart/data/shaders/sp_grass_pass.vert
[info   ] ShaderFilesManager: Compiling shader: /usr/share/supertuxkart/data/shaders/sp_grass.frag
[info   ] ShaderFilesManager: Compiling shader: /usr/share/supertuxkart/data/shaders/sp_transparent.frag
[info   ] ShaderFilesManager: Compiling shader: /usr/share/supertuxkart/data/shaders/sp_ghost.frag
[warn   ] SPMeshBuffer: kartDirt shader is missing, fallback to solid
[warn   ] SPMeshBuffer: kartDirt shader is missing, fallback to solid
[warn   ] SPMeshBuffer: kartDirt shader is missing, fallback to solid
[warn   ] SPMeshBuffer: kartDirt shader is missing, fallback to solid
[warn   ] SPMeshBuffer: kartDirt shader is missing, fallback to solid
[warn   ] LayoutManager: Statically sized widgets took all the place!!
[warn   ] LayoutManager: Statically sized widgets took all the place!!
[verbose  ] RaceManager: Nb of karts=0, ghost karts:0 ai:0 players:0

[info   ] [FileManager]: Creating directory(ies) '/home/le/.cache/supertuxkart/cached-textures/resized_512/tracks/introcutscene'
[info   ] FileManager: Creating directory '/home/le/.cache/supertuxkart/cached-textures/resized_512/tracks/'.
[info   ] FileManager: Creating directory '/home/le/.cache/supertuxkart/cached-textures/resized_512/tracks/introcutscene/'.
[info   ] Track: Overall scene complexity estimated at 47
[info   ] ShaderFilesManager: Compiling shader: /usr/share/supertuxkart/data/shaders/simple_particle.vert
[info   ] ShaderFilesManager: Compiling shader: /usr/share/supertuxkart/data/shaders/simple_particle.frag
[info   ] ShaderFilesManager: Compiling shader: /usr/share/supertuxkart/data/shaders/alphatest_particle.vert
[info   ] ShaderFilesManager: Compiling shader: /usr/share/supertuxkart/data/shaders/alphatest_particle.frag
[info   ] ShaderFilesManager: Compiling shader: /usr/share/supertuxkart/data/shaders/sky.vert
[info   ] ShaderFilesManager: Compiling shader: /usr/share/supertuxkart/data/shaders/sky.frag
[verbose  ] StoryModeTimer: Total speedrun pause time : 596ms.
[info   ] Singleton: Destroyed singleton.
[warn   ] LayoutManager: Statically sized widgets took all the place!!
[warn   ] LayoutManager: Statically sized widgets took all the place!!
[verbose  ] RaceManager: Nb of karts=1, ghost karts:0 ai:0 players:1

[info   ] ShaderFilesManager: Compiling shader: /usr/share/supertuxkart/data/tracks/overworld/splatting.frag
[info   ] [FileManager]: Creating directory(ies) '/home/le/.cache/supertuxkart/cached-textures/resized_512/tracks/overworld'
[info   ] FileManager: Creating directory '/home/le/.cache/supertuxkart/cached-textures/resized_512/tracks/overworld/'.
[info   ] [FileManager]: Creating directory(ies) '/home/le/.cache/supertuxkart/cached-textures/resized_512/deprecatedtex'
[info   ] FileManager: Creating directory '/home/le/.cache/supertuxkart/cached-textures/resized_512/deprecatedtex/'.
[info   ] Track: Overall scene complexity estimated at 106
[info   ] Script: allchallenges: unlocked_challenges=1, challenges=26
[info   ] Script: allchallenges: unlocked_challenges=1, challenges=26
[info   ] Script: allchallenges: unlocked_challenges=1, challenges=26
[info   ] Script: allchallenges: unlocked_challenges=1, challenges=26
[info   ] ShaderFilesManager: Compiling shader: /usr/share/supertuxkart/data/shaders/sp_text_billboard.frag
[verbose  ] StoryModeTimer: Total speedrun pause time : 1927ms.
[info   ] Singleton: Destroyed singleton.
[verbose  ] RaceManager: Nb of karts=1, ghost karts:0 ai:0 players:1

[info   ] [FileManager]: Creating directory(ies) '/home/le/.cache/supertuxkart/cached-textures/resized_512/tracks/tutorial'
[info   ] FileManager: Creating directory '/home/le/.cache/supertuxkart/cached-textures/resized_512/tracks/tutorial/'.
[info   ] Track: Overall scene complexity estimated at 73
[verbose  ] StoryModeTimer: Total speedrun pause time : 2335ms.
[info   ] Script: onStart(): start Driving Tutorial
[info   ] Singleton: Destroyed singleton.
[verbose  ] RaceManager: Nb of karts=1, ghost karts:0 ai:0 players:1

[info   ] ShaderFilesManager: Compiling shader: /usr/share/supertuxkart/data/tracks/overworld/splatting.frag
[info   ] Track: Overall scene complexity estimated at 106
[info   ] Script: allchallenges: unlocked_challenges=1, challenges=26
[info   ] Script: allchallenges: unlocked_challenges=1, challenges=26
[info   ] Script: allchallenges: unlocked_challenges=1, challenges=26
[info   ] Script: allchallenges: unlocked_challenges=1, challenges=26
[verbose  ] StoryModeTimer: Total speedrun pause time : 2962ms.
[info   ] Singleton: Destroyed singleton.
[info   ] Singleton: Destroyed singleton.
[info   ] Singleton: Destroyed singleton.
[info   ] Singleton: Destroyed singleton.
[info   ] Singleton: Destroyed singleton.
[info   ] Singleton: Destroyed singleton.
[info   ] Singleton: Destroyed singleton.
[info   ] Singleton: Destroyed singleton.
[info   ] Singleton: Destroyed singleton.
[info   ] Singleton: Destroyed singleton.
[info   ] Singleton: Destroyed singleton.
[info   ] Singleton: Destroyed singleton.
[info   ] Singleton: Destroyed singleton.
[info   ] Singleton: Destroyed singleton.
[info   ] Singleton: Destroyed singleton.
[info   ] Singleton: Destroyed singleton.
[info   ] [IrrDriver Logger]: ..:: Antarctica Rendering Engine 2.0 ::..
[info   ] [IrrDriver Logger]: SDL Version 2.0.16
[info   ] [IrrDriver Logger]: Using renderer: OpenGL 4.2
[info   ] [IrrDriver Logger]: Mesa DRI Intel(R) HD Graphics 4000 (IVB GT2): Intel Open Source Technology Center
[info   ] [IrrDriver Logger]: OpenGL driver version is 1.2 or better.
[info   ] [IrrDriver Logger]: GLSL version: 4.2
[info   ] IrrDriver: OpenGL version: 4.2
[info   ] IrrDriver: OpenGL vendor: Intel Open Source Technology Center
[info   ] IrrDriver: OpenGL renderer: Mesa DRI Intel(R) HD Graphics 4000 (IVB GT2)
[info   ] IrrDriver: OpenGL version string: 4.2 (Core Profile) Mesa 21.2.3
[info   ] GLDriver: ARB Buffer Storage Present
[info   ] GLDriver: ARB Compute Shader Present
[info   ] GLDriver: ARB Arrays of Arrays Present
[info   ] GLDriver: ARB Texture Storage Present
[info   ] GLDriver: ARB Texture View Present
[info   ] GLDriver: ARB Image Load Store Present
[info   ] GLDriver: ARB Shader Atomic Counters Present
[info   ] GLDriver: ARB Shader Storage Buffer Object Present
[info   ] GLDriver: EXT Texture Compression S3TC Present
[info   ] GLDriver: ARB Uniform Buffer Object Present
[info   ] GLDriver: ARB Explicit Attrib Location Present
[info   ] GLDriver: EXT Texture Filter Anisotropic Present
[info   ] GLDriver: Geometry Shaders Present
[info   ] GLDriver: ARB Texture Buffer Object Present
[info   ] GLDriver: ARB Texture Swizzle Present
[info   ] GLDriver: ARB Pixel Buffer Object Present
[info   ] GLDriver: ARB Sampler Objects Present
[info   ] GLDriver: ARB Vertex Type 2_10_10_10_rev Present
[info   ] GLDriver: ARB Instanced Arrays Present
[info   ] SharedGPUObjects: Hardware Skinning enabled, method: TBO, max bones: 1024
[info   ] ShaderFilesManager: Compiling shader: /usr/share/supertuxkart/data/shaders/screenquad.vert
[info   ] ShaderFilesManager: Compiling shader: /usr/share/supertuxkart/data/shaders/motion_blur.frag
[info   ] ShaderFilesManager: Compiling shader: /usr/share/supertuxkart/data/shaders/lightning.frag
[info   ] ShaderFilesManager: Compiling shader: /usr/share/supertuxkart/data/shaders/primitive2dlist.vert
[info   ] ShaderFilesManager: Compiling shader: /usr/share/supertuxkart/data/shaders/transparent.frag
[info   ] ShaderFilesManager: Compiling shader: /usr/share/supertuxkart/data/shaders/texturedquad.vert
[info   ] ShaderFilesManager: Compiling shader: /usr/share/supertuxkart/data/shaders/uniformcolortexturedquad.frag
[info   ] ShaderFilesManager: Compiling shader: /usr/share/supertuxkart/data/shaders/texturedquad.frag
[info   ] ShaderFilesManager: Compiling shader: /usr/share/supertuxkart/data/shaders/coloredquad.vert
[info   ] ShaderFilesManager: Compiling shader: /usr/share/supertuxkart/data/shaders/coloredquad.frag
[info   ] ShaderFilesManager: Compiling shader: /usr/share/supertuxkart/data/shaders/colortexturedquad.vert
[info   ] ShaderFilesManager: Compiling shader: /usr/share/supertuxkart/data/shaders/colortexturedquad.frag
[info   ] irr_driver: GLSL supported.
[info   ] ShaderFilesManager: Compiling shader: /usr/share/supertuxkart/data/shaders/sp_pass.vert
[info   ] ShaderFilesManager: Compiling shader: /usr/share/supertuxkart/data/shaders/sp_solid.frag
[info   ] ShaderFilesManager: Compiling shader: /usr/share/supertuxkart/data/shaders/sp_skinning.vert
[info   ] ShaderFilesManager: Compiling shader: /usr/share/supertuxkart/data/shaders/sp_alpha_test.frag
[info   ] ShaderFilesManager: Compiling shader: /usr/share/supertuxkart/data/shaders/sp_decal.frag
[info   ] ShaderFilesManager: Compiling shader: /usr/share/supertuxkart/data/shaders/sp_grass_pass.vert
[info   ] ShaderFilesManager: Compiling shader: /usr/share/supertuxkart/data/shaders/sp_grass.frag
[info   ] ShaderFilesManager: Compiling shader: /usr/share/supertuxkart/data/shaders/sp_transparent.frag
[info   ] ShaderFilesManager: Compiling shader: /usr/share/supertuxkart/data/shaders/sp_ghost.frag
[warn   ] SPMeshBuffer: kartDirt shader is missing, fallback to solid
[warn   ] SPMeshBuffer: kartDirt shader is missing, fallback to solid
[warn   ] SPMeshBuffer: kartDirt shader is missing, fallback to solid
[warn   ] SPMeshBuffer: kartDirt shader is missing, fallback to solid
[warn   ] SPMeshBuffer: kartDirt shader is missing, fallback to solid
[verbose  ] RaceManager: Nb of karts=1, ghost karts:0 ai:0 players:1

[info   ] ShaderFilesManager: Compiling shader: /usr/share/supertuxkart/data/tracks/overworld/splatting.frag
[info   ] ShaderFilesManager: Compiling shader: /usr/share/supertuxkart/data/shaders/simple_particle.vert
[info   ] ShaderFilesManager: Compiling shader: /usr/share/supertuxkart/data/shaders/simple_particle.frag
[info   ] ShaderFilesManager: Compiling shader: /usr/share/supertuxkart/data/shaders/alphatest_particle.vert
[info   ] ShaderFilesManager: Compiling shader: /usr/share/supertuxkart/data/shaders/alphatest_particle.frag
[info   ] Track: Overall scene complexity estimated at 106
[info   ] Script: allchallenges: unlocked_challenges=1, challenges=26
[info   ] Script: allchallenges: unlocked_challenges=1, challenges=26
[info   ] Script: allchallenges: unlocked_challenges=1, challenges=26
[info   ] Script: allchallenges: unlocked_challenges=1, challenges=26
[info   ] ShaderFilesManager: Compiling shader: /usr/share/supertuxkart/data/shaders/sky.vert
[info   ] ShaderFilesManager: Compiling shader: /usr/share/supertuxkart/data/shaders/sky.frag
[info   ] ShaderFilesManager: Compiling shader: /usr/share/supertuxkart/data/shaders/sp_text_billboard.frag
[verbose  ] StoryModeTimer: Total speedrun pause time : 3830ms.
[info   ] Singleton: Destroyed singleton.
[info   ] Singleton: Destroyed singleton.
[warn   ] LayoutManager: Statically sized widgets took all the place!!
[warn   ] LayoutManager: Statically sized widgets took all the place!!
[info   ] Singleton: Destroyed singleton.
[info   ] Singleton: Destroyed singleton.
[info   ] Singleton: Destroyed singleton.
[info   ] Singleton: Destroyed singleton.
[info   ] Singleton: Destroyed singleton.
[info   ] Singleton: Destroyed singleton.
[info   ] Singleton: Destroyed singleton.
[info   ] Singleton: Destroyed singleton.
[info   ] Singleton: Destroyed singleton.
[info   ] Singleton: Destroyed singleton.
[info   ] Singleton: Destroyed singleton.
[info   ] Singleton: Destroyed singleton.
[info   ] Singleton: Destroyed singleton.
[info   ] Singleton: Destroyed singleton.
[info   ] Singleton: Destroyed singleton.
[info   ] [IrrDriver Logger]: ..:: Antarctica Rendering Engine 2.0 ::..
[info   ] [IrrDriver Logger]: SDL Version 2.0.16
[info   ] [IrrDriver Logger]: Using renderer: OpenGL 4.2
[info   ] [IrrDriver Logger]: Mesa DRI Intel(R) HD Graphics 4000 (IVB GT2): Intel Open Source Technology Center
[info   ] [IrrDriver Logger]: OpenGL driver version is 1.2 or better.
[info   ] [IrrDriver Logger]: GLSL version: 4.2
[info   ] IrrDriver: OpenGL version: 4.2
[info   ] IrrDriver: OpenGL vendor: Intel Open Source Technology Center
[info   ] IrrDriver: OpenGL renderer: Mesa DRI Intel(R) HD Graphics 4000 (IVB GT2)
[info   ] IrrDriver: OpenGL version string: 4.2 (Core Profile) Mesa 21.2.3
[info   ] GLDriver: ARB Buffer Storage Present
[info   ] GLDriver: ARB Compute Shader Present
[info   ] GLDriver: ARB Arrays of Arrays Present
[info   ] GLDriver: ARB Texture Storage Present
[info   ] GLDriver: ARB Texture View Present
[info   ] GLDriver: ARB Image Load Store Present
[info   ] GLDriver: ARB Shader Atomic Counters Present
[info   ] GLDriver: ARB Shader Storage Buffer Object Present
[info   ] GLDriver: EXT Texture Compression S3TC Present
[info   ] GLDriver: ARB Uniform Buffer Object Present
[info   ] GLDriver: ARB Explicit Attrib Location Present
[info   ] GLDriver: EXT Texture Filter Anisotropic Present
[info   ] GLDriver: Geometry Shaders Present
[info   ] GLDriver: ARB Texture Buffer Object Present
[info   ] GLDriver: ARB Texture Swizzle Present
[info   ] GLDriver: ARB Pixel Buffer Object Present
[info   ] GLDriver: ARB Sampler Objects Present
[info   ] GLDriver: ARB Vertex Type 2_10_10_10_rev Present
[info   ] GLDriver: ARB Instanced Arrays Present
[info   ] SharedGPUObjects: Hardware Skinning enabled, method: TBO, max bones: 1024
[info   ] ShaderFilesManager: Compiling shader: /usr/share/supertuxkart/data/shaders/screenquad.vert
[info   ] ShaderFilesManager: Compiling shader: /usr/share/supertuxkart/data/shaders/motion_blur.frag
[info   ] ShaderFilesManager: Compiling shader: /usr/share/supertuxkart/data/shaders/lightning.frag
[info   ] ShaderFilesManager: Compiling shader: /usr/share/supertuxkart/data/shaders/primitive2dlist.vert
[info   ] ShaderFilesManager: Compiling shader: /usr/share/supertuxkart/data/shaders/transparent.frag
[info   ] ShaderFilesManager: Compiling shader: /usr/share/supertuxkart/data/shaders/texturedquad.vert
[info   ] ShaderFilesManager: Compiling shader: /usr/share/supertuxkart/data/shaders/uniformcolortexturedquad.frag
[info   ] ShaderFilesManager: Compiling shader: /usr/share/supertuxkart/data/shaders/texturedquad.frag
[info   ] ShaderFilesManager: Compiling shader: /usr/share/supertuxkart/data/shaders/coloredquad.vert
[info   ] ShaderFilesManager: Compiling shader: /usr/share/supertuxkart/data/shaders/coloredquad.frag
[info   ] ShaderFilesManager: Compiling shader: /usr/share/supertuxkart/data/shaders/colortexturedquad.vert
[info   ] ShaderFilesManager: Compiling shader: /usr/share/supertuxkart/data/shaders/colortexturedquad.frag
[info   ] irr_driver: GLSL supported.
[info   ] ShaderFilesManager: Compiling shader: /usr/share/supertuxkart/data/shaders/sp_pass.vert
[info   ] ShaderFilesManager: Compiling shader: /usr/share/supertuxkart/data/shaders/sp_solid.frag
[info   ] ShaderFilesManager: Compiling shader: /usr/share/supertuxkart/data/shaders/sp_shadow.vert
[info   ] ShaderFilesManager: Compiling shader: /usr/share/supertuxkart/data/shaders/white.frag
[info   ] ShaderFilesManager: Compiling shader: /usr/share/supertuxkart/data/shaders/sp_skinning.vert
[info   ] ShaderFilesManager: Compiling shader: /usr/share/supertuxkart/data/shaders/sp_skinning_shadow.vert
[info   ] ShaderFilesManager: Compiling shader: /usr/share/supertuxkart/data/shaders/sp_normal_map.frag
[info   ] ShaderFilesManager: Compiling shader: /usr/share/supertuxkart/data/shaders/sp_alpha_test.frag
[info   ] ShaderFilesManager: Compiling shader: /usr/share/supertuxkart/data/shaders/sp_shadow_alpha_test.frag
[info   ] ShaderFilesManager: Compiling shader: /usr/share/supertuxkart/data/shaders/sp_decal.frag
[info   ] ShaderFilesManager: Compiling shader: /usr/share/supertuxkart/data/shaders/sp_grass_pass.vert
[info   ] ShaderFilesManager: Compiling shader: /usr/share/supertuxkart/data/shaders/sp_grass.frag
[info   ] ShaderFilesManager: Compiling shader: /usr/share/supertuxkart/data/shaders/sp_grass_shadow.vert
[info   ] ShaderFilesManager: Compiling shader: /usr/share/supertuxkart/data/shaders/sp_unlit.frag
[info   ] ShaderFilesManager: Compiling shader: /usr/share/supertuxkart/data/shaders/sp_transparent.frag
[info   ] ShaderFilesManager: Compiling shader: /usr/share/supertuxkart/data/shaders/sp_ghost.frag
[info   ] ShaderFilesManager: Compiling shader: /usr/share/supertuxkart/data/shaders/sp_dynamic_night_bloom.frag
[info   ] ShaderFilesManager: Compiling shader: /usr/share/supertuxkart/data/shaders/sp_tilling_mitigation.frag
[info   ] ShaderFilesManager: Compiling shader: /usr/share/supertuxkart/data/shaders/sp_vertical_mapping.frag
[info   ] ShaderFilesManager: Compiling shader: /usr/share/supertuxkart/data/shaders/sp_road_blending.frag
[info   ] ShaderFilesManager: Compiling shader: /usr/share/supertuxkart/data/shaders/sp_displace.frag
[info   ] ShaderFilesManager: Compiling shader: /usr/share/supertuxkart/data/shaders/colorize.frag
[info   ] ShaderFilesManager: Compiling shader: /usr/share/supertuxkart/data/shaders/sp_normal_visualizer.vert
[info   ] ShaderFilesManager: Compiling shader: /usr/share/supertuxkart/data/shaders/sp_normal_visualizer.geom
[info   ] ShaderFilesManager: Compiling shader: /usr/share/supertuxkart/data/shaders/sp_normal_visualizer.frag
[warn   ] SPMeshBuffer: kartDirt shader is missing, fallback to solid
[warn   ] SPMeshBuffer: kartDirt shader is missing, fallback to solid
[warn   ] SPMeshBuffer: kartDirt shader is missing, fallback to solid
[warn   ] SPMeshBuffer: kartDirt shader is missing, fallback to solid
[warn   ] SPMeshBuffer: kartDirt shader is missing, fallback to solid
[verbose  ] RaceManager: Nb of karts=1, ghost karts:0 ai:0 players:1

[info   ] ShaderFilesManager: Compiling shader: /usr/share/supertuxkart/data/tracks/overworld/splatting.frag
[info   ] ShaderFilesManager: Compiling shader: /usr/share/supertuxkart/data/shaders/simple_particle.vert
[info   ] ShaderFilesManager: Compiling shader: /usr/share/supertuxkart/data/shaders/simple_particle.frag
[info   ] ShaderFilesManager: Compiling shader: /usr/share/supertuxkart/data/shaders/alphatest_particle.vert
[info   ] ShaderFilesManager: Compiling shader: /usr/share/supertuxkart/data/shaders/alphatest_particle.frag
[info   ] ShaderFilesManager: Compiling shader: /usr/share/supertuxkart/data/shaders/degraded_ibl.frag
[info   ] ShaderFilesManager: Compiling shader: /usr/share/supertuxkart/data/shaders/sunlight.frag
[info   ] ShaderFilesManager: Compiling shader: /usr/share/supertuxkart/data/shaders/pointlight.vert
[info   ] ShaderFilesManager: Compiling shader: /usr/share/supertuxkart/data/shaders/pointlight.frag
[info   ] ShaderFilesManager: Compiling shader: /usr/share/supertuxkart/data/shaders/combine_diffuse_color.frag
[info   ] ShaderFilesManager: Compiling shader: /usr/share/supertuxkart/data/shaders/tonemap.frag
[info   ] [FileManager]: Creating directory(ies) '/home/le/.cache/supertuxkart/cached-textures/hd/tracks/overworld'
[info   ] FileManager: Creating directory '/home/le/.cache/supertuxkart/cached-textures/hd/tracks/'.
[info   ] FileManager: Creating directory '/home/le/.cache/supertuxkart/cached-textures/hd/tracks/overworld/'.
[info   ] [FileManager]: Creating directory(ies) '/home/le/.cache/supertuxkart/cached-textures/hd/deprecatedtex'
[info   ] FileManager: Creating directory '/home/le/.cache/supertuxkart/cached-textures/hd/deprecatedtex/'.
[info   ] Track: Overall scene complexity estimated at 106
[info   ] Script: allchallenges: unlocked_challenges=1, challenges=26
[info   ] Script: allchallenges: unlocked_challenges=1, challenges=26
[info   ] Script: allchallenges: unlocked_challenges=1, challenges=26
[info   ] Script: allchallenges: unlocked_challenges=1, challenges=26
[info   ] ShaderFilesManager: Compiling shader: /usr/share/supertuxkart/data/shaders/importance_sampling_specular.frag
[info   ] ShaderFilesManager: Compiling shader: /usr/share/supertuxkart/data/shaders/sky.vert
[info   ] ShaderFilesManager: Compiling shader: /usr/share/supertuxkart/data/shaders/sky.frag
[info   ] ShaderFilesManager: Compiling shader: /usr/share/supertuxkart/data/shaders/sp_text_billboard.frag
[info   ] ShaderFilesManager: Compiling shader: /usr/share/supertuxkart/data/shaders/passthrough.frag
[verbose  ] StoryModeTimer: Total speedrun pause time : 6100ms.
[info   ] Singleton: Destroyed singleton.
[warn   ] LayoutManager: Statically sized widgets took all the place!!
[warn   ] LayoutManager: Statically sized widgets took all the place!!
[info   ] Singleton: Destroyed singleton.
[info   ] Singleton: Destroyed singleton.
[info   ] Singleton: Destroyed singleton.
[info   ] Singleton: Destroyed singleton.
[info   ] Singleton: Destroyed singleton.
[info   ] Singleton: Destroyed singleton.
[info   ] Singleton: Destroyed singleton.
[info   ] Singleton: Destroyed singleton.
[info   ] Singleton: Destroyed singleton.
[info   ] Singleton: Destroyed singleton.
[info   ] Singleton: Destroyed singleton.
[info   ] Singleton: Destroyed singleton.
[info   ] Singleton: Destroyed singleton.
[info   ] Singleton: Destroyed singleton.
[info   ] Singleton: Destroyed singleton.
[info   ] Singleton: Destroyed singleton.
[info   ] Singleton: Destroyed singleton.
[info   ] Singleton: Destroyed singleton.
[info   ] Singleton: Destroyed singleton.
[info   ] Singleton: Destroyed singleton.
[info   ] Singleton: Destroyed singleton.
[info   ] Singleton: Destroyed singleton.
[info   ] [IrrDriver Logger]: ..:: Antarctica Rendering Engine 2.0 ::..
[info   ] [IrrDriver Logger]: SDL Version 2.0.16
[info   ] [IrrDriver Logger]: Using renderer: OpenGL 4.2
[info   ] [IrrDriver Logger]: Mesa DRI Intel(R) HD Graphics 4000 (IVB GT2): Intel Open Source Technology Center
[info   ] [IrrDriver Logger]: OpenGL driver version is 1.2 or better.
[info   ] [IrrDriver Logger]: GLSL version: 4.2
[info   ] IrrDriver: OpenGL version: 4.2
[info   ] IrrDriver: OpenGL vendor: Intel Open Source Technology Center
[info   ] IrrDriver: OpenGL renderer: Mesa DRI Intel(R) HD Graphics 4000 (IVB GT2)
[info   ] IrrDriver: OpenGL version string: 4.2 (Core Profile) Mesa 21.2.3
[info   ] GLDriver: ARB Buffer Storage Present
[info   ] GLDriver: ARB Compute Shader Present
[info   ] GLDriver: ARB Arrays of Arrays Present
[info   ] GLDriver: ARB Texture Storage Present
[info   ] GLDriver: ARB Texture View Present
[info   ] GLDriver: ARB Image Load Store Present
[info   ] GLDriver: ARB Shader Atomic Counters Present
[info   ] GLDriver: ARB Shader Storage Buffer Object Present
[info   ] GLDriver: EXT Texture Compression S3TC Present
[info   ] GLDriver: ARB Uniform Buffer Object Present
[info   ] GLDriver: ARB Explicit Attrib Location Present
[info   ] GLDriver: EXT Texture Filter Anisotropic Present
[info   ] GLDriver: Geometry Shaders Present
[info   ] GLDriver: ARB Texture Buffer Object Present
[info   ] GLDriver: ARB Texture Swizzle Present
[info   ] GLDriver: ARB Pixel Buffer Object Present
[info   ] GLDriver: ARB Sampler Objects Present
[info   ] GLDriver: ARB Vertex Type 2_10_10_10_rev Present
[info   ] GLDriver: ARB Instanced Arrays Present
[info   ] SharedGPUObjects: Hardware Skinning enabled, method: TBO, max bones: 1024
[info   ] ShaderFilesManager: Compiling shader: /usr/share/supertuxkart/data/shaders/screenquad.vert
[info   ] ShaderFilesManager: Compiling shader: /usr/share/supertuxkart/data/shaders/motion_blur.frag
[info   ] ShaderFilesManager: Compiling shader: /usr/share/supertuxkart/data/shaders/lightning.frag
[info   ] ShaderFilesManager: Compiling shader: /usr/share/supertuxkart/data/shaders/primitive2dlist.vert
[info   ] ShaderFilesManager: Compiling shader: /usr/share/supertuxkart/data/shaders/transparent.frag
[info   ] ShaderFilesManager: Compiling shader: /usr/share/supertuxkart/data/shaders/texturedquad.vert
[info   ] ShaderFilesManager: Compiling shader: /usr/share/supertuxkart/data/shaders/uniformcolortexturedquad.frag
[info   ] ShaderFilesManager: Compiling shader: /usr/share/supertuxkart/data/shaders/texturedquad.frag
[info   ] ShaderFilesManager: Compiling shader: /usr/share/supertuxkart/data/shaders/coloredquad.vert
[info   ] ShaderFilesManager: Compiling shader: /usr/share/supertuxkart/data/shaders/coloredquad.frag
[info   ] ShaderFilesManager: Compiling shader: /usr/share/supertuxkart/data/shaders/colortexturedquad.vert
[info   ] ShaderFilesManager: Compiling shader: /usr/share/supertuxkart/data/shaders/colortexturedquad.frag
[info   ] irr_driver: GLSL supported.
[info   ] ShaderFilesManager: Compiling shader: /usr/share/supertuxkart/data/shaders/sp_pass.vert
[info   ] ShaderFilesManager: Compiling shader: /usr/share/supertuxkart/data/shaders/sp_solid.frag
[info   ] ShaderFilesManager: Compiling shader: /usr/share/supertuxkart/data/shaders/sp_shadow.vert
[info   ] ShaderFilesManager: Compiling shader: /usr/share/supertuxkart/data/shaders/white.frag
[info   ] ShaderFilesManager: Compiling shader: /usr/share/supertuxkart/data/shaders/sp_skinning.vert
[info   ] ShaderFilesManager: Compiling shader: /usr/share/supertuxkart/data/shaders/sp_skinning_shadow.vert
[info   ] ShaderFilesManager: Compiling shader: /usr/share/supertuxkart/data/shaders/sp_normal_map.frag
[info   ] ShaderFilesManager: Compiling shader: /usr/share/supertuxkart/data/shaders/sp_alpha_test.frag
[info   ] ShaderFilesManager: Compiling shader: /usr/share/supertuxkart/data/shaders/sp_shadow_alpha_test.frag
[info   ] ShaderFilesManager: Compiling shader: /usr/share/supertuxkart/data/shaders/sp_decal.frag
[info   ] ShaderFilesManager: Compiling shader: /usr/share/supertuxkart/data/shaders/sp_grass_pass.vert
[info   ] ShaderFilesManager: Compiling shader: /usr/share/supertuxkart/data/shaders/sp_grass.frag
[info   ] ShaderFilesManager: Compiling shader: /usr/share/supertuxkart/data/shaders/sp_grass_shadow.vert
[info   ] ShaderFilesManager: Compiling shader: /usr/share/supertuxkart/data/shaders/sp_unlit.frag
[info   ] ShaderFilesManager: Compiling shader: /usr/share/supertuxkart/data/shaders/sp_transparent.frag
[info   ] ShaderFilesManager: Compiling shader: /usr/share/supertuxkart/data/shaders/sp_ghost.frag
[info   ] ShaderFilesManager: Compiling shader: /usr/share/supertuxkart/data/shaders/sp_dynamic_night_bloom.frag
[info   ] ShaderFilesManager: Compiling shader: /usr/share/supertuxkart/data/shaders/sp_tilling_mitigation.frag
[info   ] ShaderFilesManager: Compiling shader: /usr/share/supertuxkart/data/shaders/sp_vertical_mapping.frag
[info   ] ShaderFilesManager: Compiling shader: /usr/share/supertuxkart/data/shaders/sp_road_blending.frag
[info   ] ShaderFilesManager: Compiling shader: /usr/share/supertuxkart/data/shaders/sp_displace.frag
[info   ] ShaderFilesManager: Compiling shader: /usr/share/supertuxkart/data/shaders/colorize.frag
[info   ] ShaderFilesManager: Compiling shader: /usr/share/supertuxkart/data/shaders/sp_normal_visualizer.vert
[info   ] ShaderFilesManager: Compiling shader: /usr/share/supertuxkart/data/shaders/sp_normal_visualizer.geom
[info   ] ShaderFilesManager: Compiling shader: /usr/share/supertuxkart/data/shaders/sp_normal_visualizer.frag
[warn   ] SPMeshBuffer: kartDirt shader is missing, fallback to solid
[warn   ] SPMeshBuffer: kartDirt shader is missing, fallback to solid
[warn   ] SPMeshBuffer: kartDirt shader is missing, fallback to solid
[warn   ] SPMeshBuffer: kartDirt shader is missing, fallback to solid
[warn   ] SPMeshBuffer: kartDirt shader is missing, fallback to solid
[warn   ] LayoutManager: Statically sized widgets took all the place!!
[warn   ] LayoutManager: Statically sized widgets took all the place!!
[info   ] ShaderFilesManager: Compiling shader: /usr/share/supertuxkart/data/shaders/simple_particle.vert
[info   ] ShaderFilesManager: Compiling shader: /usr/share/supertuxkart/data/shaders/simple_particle.frag
[info   ] ShaderFilesManager: Compiling shader: /usr/share/supertuxkart/data/shaders/alphatest_particle.vert
[info   ] ShaderFilesManager: Compiling shader: /usr/share/supertuxkart/data/shaders/alphatest_particle.frag
[info   ] ShaderFilesManager: Compiling shader: /usr/share/supertuxkart/data/shaders/degraded_ibl.frag
[info   ] ShaderFilesManager: Compiling shader: /usr/share/supertuxkart/data/shaders/sunlight.frag
[info   ] ShaderFilesManager: Compiling shader: /usr/share/supertuxkart/data/shaders/pointlight.vert
[info   ] ShaderFilesManager: Compiling shader: /usr/share/supertuxkart/data/shaders/pointlight.frag
[info   ] ShaderFilesManager: Compiling shader: /usr/share/supertuxkart/data/shaders/combine_diffuse_color.frag
[info   ] ShaderFilesManager: Compiling shader: /usr/share/supertuxkart/data/shaders/tonemap.frag
[verbose  ] RaceManager: Nb of karts=1, ghost karts:0 ai:0 players:1

[info   ] ShaderFilesManager: Compiling shader: /usr/share/supertuxkart/data/tracks/overworld/splatting.frag
[info   ] Track: Overall scene complexity estimated at 106
[info   ] Script: allchallenges: unlocked_challenges=1, challenges=26
[info   ] Script: allchallenges: unlocked_challenges=1, challenges=26
[info   ] Script: allchallenges: unlocked_challenges=1, challenges=26
[info   ] Script: allchallenges: unlocked_challenges=1, challenges=26
[info   ] ShaderFilesManager: Compiling shader: /usr/share/supertuxkart/data/shaders/importance_sampling_specular.frag
[info   ] ShaderFilesManager: Compiling shader: /usr/share/supertuxkart/data/shaders/sunlightshadow.frag
[info   ] ShaderFilesManager: Compiling shader: /usr/share/supertuxkart/data/shaders/sky.vert
[info   ] ShaderFilesManager: Compiling shader: /usr/share/supertuxkart/data/shaders/sky.frag
[info   ] ShaderFilesManager: Compiling shader: /usr/share/supertuxkart/data/shaders/sp_text_billboard.frag
[info   ] ShaderFilesManager: Compiling shader: /usr/share/supertuxkart/data/shaders/passthrough.frag
[verbose  ] StoryModeTimer: Total speedrun pause time : 7446ms.
[info   ] Singleton: Destroyed singleton.
[warn   ] LayoutManager: Statically sized widgets took all the place!!
[warn   ] LayoutManager: Statically sized widgets took all the place!!
[info   ] Singleton: Destroyed singleton.
[info   ] Singleton: Destroyed singleton.
[info   ] Singleton: Destroyed singleton.
[info   ] Singleton: Destroyed singleton.
[info   ] Singleton: Destroyed singleton.
[info   ] Singleton: Destroyed singleton.
[info   ] Singleton: Destroyed singleton.
[info   ] Singleton: Destroyed singleton.
[info   ] Singleton: Destroyed singleton.
[info   ] Singleton: Destroyed singleton.
[info   ] Singleton: Destroyed singleton.
[info   ] Singleton: Destroyed singleton.
[info   ] Singleton: Destroyed singleton.
[info   ] Singleton: Destroyed singleton.
[info   ] Singleton: Destroyed singleton.
[info   ] Singleton: Destroyed singleton.
[info   ] Singleton: Destroyed singleton.
[info   ] Singleton: Destroyed singleton.
[info   ] Singleton: Destroyed singleton.
[info   ] Singleton: Destroyed singleton.
[info   ] Singleton: Destroyed singleton.
[info   ] Singleton: Destroyed singleton.
[info   ] Singleton: Destroyed singleton.
[info   ] [IrrDriver Logger]: ..:: Antarctica Rendering Engine 2.0 ::..
[info   ] [IrrDriver Logger]: SDL Version 2.0.16
[info   ] [IrrDriver Logger]: Using renderer: OpenGL 4.2
[info   ] [IrrDriver Logger]: Mesa DRI Intel(R) HD Graphics 4000 (IVB GT2): Intel Open Source Technology Center
[info   ] [IrrDriver Logger]: OpenGL driver version is 1.2 or better.
[info   ] [IrrDriver Logger]: GLSL version: 4.2
[info   ] IrrDriver: OpenGL version: 4.2
[info   ] IrrDriver: OpenGL vendor: Intel Open Source Technology Center
[info   ] IrrDriver: OpenGL renderer: Mesa DRI Intel(R) HD Graphics 4000 (IVB GT2)
[info   ] IrrDriver: OpenGL version string: 4.2 (Core Profile) Mesa 21.2.3
[info   ] GLDriver: ARB Buffer Storage Present
[info   ] GLDriver: ARB Compute Shader Present
[info   ] GLDriver: ARB Arrays of Arrays Present
[info   ] GLDriver: ARB Texture Storage Present
[info   ] GLDriver: ARB Texture View Present
[info   ] GLDriver: ARB Image Load Store Present
[info   ] GLDriver: ARB Shader Atomic Counters Present
[info   ] GLDriver: ARB Shader Storage Buffer Object Present
[info   ] GLDriver: EXT Texture Compression S3TC Present
[info   ] GLDriver: ARB Uniform Buffer Object Present
[info   ] GLDriver: ARB Explicit Attrib Location Present
[info   ] GLDriver: EXT Texture Filter Anisotropic Present
[info   ] GLDriver: Geometry Shaders Present
[info   ] GLDriver: ARB Texture Buffer Object Present
[info   ] GLDriver: ARB Texture Swizzle Present
[info   ] GLDriver: ARB Pixel Buffer Object Present
[info   ] GLDriver: ARB Sampler Objects Present
[info   ] GLDriver: ARB Vertex Type 2_10_10_10_rev Present
[info   ] GLDriver: ARB Instanced Arrays Present
[info   ] SharedGPUObjects: Hardware Skinning enabled, method: TBO, max bones: 1024
[info   ] ShaderFilesManager: Compiling shader: /usr/share/supertuxkart/data/shaders/screenquad.vert
[info   ] ShaderFilesManager: Compiling shader: /usr/share/supertuxkart/data/shaders/motion_blur.frag
[info   ] ShaderFilesManager: Compiling shader: /usr/share/supertuxkart/data/shaders/lightning.frag
[info   ] ShaderFilesManager: Compiling shader: /usr/share/supertuxkart/data/shaders/primitive2dlist.vert
[info   ] ShaderFilesManager: Compiling shader: /usr/share/supertuxkart/data/shaders/transparent.frag
[info   ] ShaderFilesManager: Compiling shader: /usr/share/supertuxkart/data/shaders/texturedquad.vert
[info   ] ShaderFilesManager: Compiling shader: /usr/share/supertuxkart/data/shaders/uniformcolortexturedquad.frag
[info   ] ShaderFilesManager: Compiling shader: /usr/share/supertuxkart/data/shaders/texturedquad.frag
[info   ] ShaderFilesManager: Compiling shader: /usr/share/supertuxkart/data/shaders/coloredquad.vert
[info   ] ShaderFilesManager: Compiling shader: /usr/share/supertuxkart/data/shaders/coloredquad.frag
[info   ] ShaderFilesManager: Compiling shader: /usr/share/supertuxkart/data/shaders/colortexturedquad.vert
[info   ] ShaderFilesManager: Compiling shader: /usr/share/supertuxkart/data/shaders/colortexturedquad.frag
[info   ] irr_driver: GLSL supported.
[info   ] ShaderFilesManager: Compiling shader: /usr/share/supertuxkart/data/shaders/sp_pass.vert
[info   ] ShaderFilesManager: Compiling shader: /usr/share/supertuxkart/data/shaders/sp_solid.frag
[info   ] ShaderFilesManager: Compiling shader: /usr/share/supertuxkart/data/shaders/sp_shadow.vert
[info   ] ShaderFilesManager: Compiling shader: /usr/share/supertuxkart/data/shaders/white.frag
[info   ] ShaderFilesManager: Compiling shader: /usr/share/supertuxkart/data/shaders/sp_skinning.vert
[info   ] ShaderFilesManager: Compiling shader: /usr/share/supertuxkart/data/shaders/sp_skinning_shadow.vert
[info   ] ShaderFilesManager: Compiling shader: /usr/share/supertuxkart/data/shaders/sp_normal_map.frag
[info   ] ShaderFilesManager: Compiling shader: /usr/share/supertuxkart/data/shaders/sp_alpha_test.frag
[info   ] ShaderFilesManager: Compiling shader: /usr/share/supertuxkart/data/shaders/sp_shadow_alpha_test.frag
[info   ] ShaderFilesManager: Compiling shader: /usr/share/supertuxkart/data/shaders/sp_decal.frag
[info   ] ShaderFilesManager: Compiling shader: /usr/share/supertuxkart/data/shaders/sp_grass_pass.vert
[info   ] ShaderFilesManager: Compiling shader: /usr/share/supertuxkart/data/shaders/sp_grass.frag
[info   ] ShaderFilesManager: Compiling shader: /usr/share/supertuxkart/data/shaders/sp_grass_shadow.vert
[info   ] ShaderFilesManager: Compiling shader: /usr/share/supertuxkart/data/shaders/sp_unlit.frag
[info   ] ShaderFilesManager: Compiling shader: /usr/share/supertuxkart/data/shaders/sp_transparent.frag
[info   ] ShaderFilesManager: Compiling shader: /usr/share/supertuxkart/data/shaders/sp_ghost.frag
[info   ] ShaderFilesManager: Compiling shader: /usr/share/supertuxkart/data/shaders/sp_dynamic_night_bloom.frag
[info   ] ShaderFilesManager: Compiling shader: /usr/share/supertuxkart/data/shaders/sp_tilling_mitigation.frag
[info   ] ShaderFilesManager: Compiling shader: /usr/share/supertuxkart/data/shaders/sp_vertical_mapping.frag
[info   ] ShaderFilesManager: Compiling shader: /usr/share/supertuxkart/data/shaders/sp_road_blending.frag
[info   ] ShaderFilesManager: Compiling shader: /usr/share/supertuxkart/data/shaders/sp_displace.frag
[info   ] ShaderFilesManager: Compiling shader: /usr/share/supertuxkart/data/shaders/colorize.frag
[info   ] ShaderFilesManager: Compiling shader: /usr/share/supertuxkart/data/shaders/sp_normal_visualizer.vert
[info   ] ShaderFilesManager: Compiling shader: /usr/share/supertuxkart/data/shaders/sp_normal_visualizer.geom
[info   ] ShaderFilesManager: Compiling shader: /usr/share/supertuxkart/data/shaders/sp_normal_visualizer.frag
[warn   ] SPMeshBuffer: kartDirt shader is missing, fallback to solid
[warn   ] SPMeshBuffer: kartDirt shader is missing, fallback to solid
[warn   ] SPMeshBuffer: kartDirt shader is missing, fallback to solid
[warn   ] SPMeshBuffer: kartDirt shader is missing, fallback to solid
[warn   ] SPMeshBuffer: kartDirt shader is missing, fallback to solid
[verbose  ] RaceManager: Nb of karts=1, ghost karts:0 ai:0 players:1

[info   ] ShaderFilesManager: Compiling shader: /usr/share/supertuxkart/data/tracks/overworld/splatting.frag
[info   ] ShaderFilesManager: Compiling shader: /usr/share/supertuxkart/data/shaders/simple_particle.vert
[info   ] ShaderFilesManager: Compiling shader: /usr/share/supertuxkart/data/shaders/simple_particle.frag
[info   ] ShaderFilesManager: Compiling shader: /usr/share/supertuxkart/data/shaders/alphatest_particle.vert
[info   ] ShaderFilesManager: Compiling shader: /usr/share/supertuxkart/data/shaders/alphatest_particle.frag
[info   ] ShaderFilesManager: Compiling shader: /usr/share/supertuxkart/data/shaders/degraded_ibl.frag
[info   ] ShaderFilesManager: Compiling shader: /usr/share/supertuxkart/data/shaders/sunlight.frag
[info   ] ShaderFilesManager: Compiling shader: /usr/share/supertuxkart/data/shaders/pointlight.vert
[info   ] ShaderFilesManager: Compiling shader: /usr/share/supertuxkart/data/shaders/pointlight.frag
[info   ] ShaderFilesManager: Compiling shader: /usr/share/supertuxkart/data/shaders/combine_diffuse_color.frag
[info   ] ShaderFilesManager: Compiling shader: /usr/share/supertuxkart/data/shaders/tonemap.frag
[info   ] Track: Overall scene complexity estimated at 106
[info   ] Script: allchallenges: unlocked_challenges=1, challenges=26
[info   ] Script: allchallenges: unlocked_challenges=1, challenges=26
[info   ] Script: allchallenges: unlocked_challenges=1, challenges=26
[info   ] Script: allchallenges: unlocked_challenges=1, challenges=26
[info   ] ShaderFilesManager: Compiling shader: /usr/share/supertuxkart/data/shaders/importance_sampling_specular.frag
[info   ] ShaderFilesManager: Compiling shader: /usr/share/supertuxkart/data/shaders/sunlightshadow.frag
[info   ] ShaderFilesManager: Compiling shader: /usr/share/supertuxkart/data/shaders/sky.vert
[info   ] ShaderFilesManager: Compiling shader: /usr/share/supertuxkart/data/shaders/sky.frag
[info   ] ShaderFilesManager: Compiling shader: /usr/share/supertuxkart/data/shaders/sp_text_billboard.frag
[info   ] ShaderFilesManager: Compiling shader: /usr/share/supertuxkart/data/shaders/passthrough.frag
[verbose  ] StoryModeTimer: Total speedrun pause time : 8649ms.
[info   ] Singleton: Destroyed singleton.
[warn   ] LayoutManager: Statically sized widgets took all the place!!
[warn   ] LayoutManager: Statically sized widgets took all the place!!
[info   ] Singleton: Destroyed singleton.
[info   ] Singleton: Destroyed singleton.
[info   ] Singleton: Destroyed singleton.
[info   ] Singleton: Destroyed singleton.
[info   ] Singleton: Destroyed singleton.
[info   ] Singleton: Destroyed singleton.
[info   ] Singleton: Destroyed singleton.
[info   ] Singleton: Destroyed singleton.
[info   ] Singleton: Destroyed singleton.
[info   ] Singleton: Destroyed singleton.
[info   ] Singleton: Destroyed singleton.
[info   ] Singleton: Destroyed singleton.
[info   ] Singleton: Destroyed singleton.
[info   ] Singleton: Destroyed singleton.
[info   ] Singleton: Destroyed singleton.
[info   ] Singleton: Destroyed singleton.
[info   ] Singleton: Destroyed singleton.
[info   ] Singleton: Destroyed singleton.
[info   ] Singleton: Destroyed singleton.
[info   ] Singleton: Destroyed singleton.
[info   ] Singleton: Destroyed singleton.
[info   ] Singleton: Destroyed singleton.
[info   ] Singleton: Destroyed singleton.
[info   ] [IrrDriver Logger]: ..:: Antarctica Rendering Engine 2.0 ::..
[info   ] [IrrDriver Logger]: SDL Version 2.0.16
[info   ] [IrrDriver Logger]: Using renderer: OpenGL 4.2
[info   ] [IrrDriver Logger]: Mesa DRI Intel(R) HD Graphics 4000 (IVB GT2): Intel Open Source Technology Center
[info   ] [IrrDriver Logger]: OpenGL driver version is 1.2 or better.
[info   ] [IrrDriver Logger]: GLSL version: 4.2
[info   ] IrrDriver: OpenGL version: 4.2
[info   ] IrrDriver: OpenGL vendor: Intel Open Source Technology Center
[info   ] IrrDriver: OpenGL renderer: Mesa DRI Intel(R) HD Graphics 4000 (IVB GT2)
[info   ] IrrDriver: OpenGL version string: 4.2 (Core Profile) Mesa 21.2.3
[info   ] GLDriver: ARB Buffer Storage Present
[info   ] GLDriver: ARB Compute Shader Present
[info   ] GLDriver: ARB Arrays of Arrays Present
[info   ] GLDriver: ARB Texture Storage Present
[info   ] GLDriver: ARB Texture View Present
[info   ] GLDriver: ARB Image Load Store Present
[info   ] GLDriver: ARB Shader Atomic Counters Present
[info   ] GLDriver: ARB Shader Storage Buffer Object Present
[info   ] GLDriver: EXT Texture Compression S3TC Present
[info   ] GLDriver: ARB Uniform Buffer Object Present
[info   ] GLDriver: ARB Explicit Attrib Location Present
[info   ] GLDriver: EXT Texture Filter Anisotropic Present
[info   ] GLDriver: Geometry Shaders Present
[info   ] GLDriver: ARB Texture Buffer Object Present
[info   ] GLDriver: ARB Texture Swizzle Present
[info   ] GLDriver: ARB Pixel Buffer Object Present
[info   ] GLDriver: ARB Sampler Objects Present
[info   ] GLDriver: ARB Vertex Type 2_10_10_10_rev Present
[info   ] GLDriver: ARB Instanced Arrays Present
[info   ] SharedGPUObjects: Hardware Skinning enabled, method: TBO, max bones: 1024
[info   ] ShaderFilesManager: Compiling shader: /usr/share/supertuxkart/data/shaders/screenquad.vert
[info   ] ShaderFilesManager: Compiling shader: /usr/share/supertuxkart/data/shaders/motion_blur.frag
[info   ] ShaderFilesManager: Compiling shader: /usr/share/supertuxkart/data/shaders/lightning.frag
[info   ] ShaderFilesManager: Compiling shader: /usr/share/supertuxkart/data/shaders/primitive2dlist.vert
[info   ] ShaderFilesManager: Compiling shader: /usr/share/supertuxkart/data/shaders/transparent.frag
[info   ] ShaderFilesManager: Compiling shader: /usr/share/supertuxkart/data/shaders/texturedquad.vert
[info   ] ShaderFilesManager: Compiling shader: /usr/share/supertuxkart/data/shaders/uniformcolortexturedquad.frag
[info   ] ShaderFilesManager: Compiling shader: /usr/share/supertuxkart/data/shaders/texturedquad.frag
[info   ] ShaderFilesManager: Compiling shader: /usr/share/supertuxkart/data/shaders/coloredquad.vert
[info   ] ShaderFilesManager: Compiling shader: /usr/share/supertuxkart/data/shaders/coloredquad.frag
[info   ] ShaderFilesManager: Compiling shader: /usr/share/supertuxkart/data/shaders/colortexturedquad.vert
[info   ] ShaderFilesManager: Compiling shader: /usr/share/supertuxkart/data/shaders/colortexturedquad.frag
[info   ] irr_driver: GLSL supported.
[info   ] ShaderFilesManager: Compiling shader: /usr/share/supertuxkart/data/shaders/sp_pass.vert
[info   ] ShaderFilesManager: Compiling shader: /usr/share/supertuxkart/data/shaders/sp_solid.frag
[info   ] ShaderFilesManager: Compiling shader: /usr/share/supertuxkart/data/shaders/sp_shadow.vert
[info   ] ShaderFilesManager: Compiling shader: /usr/share/supertuxkart/data/shaders/white.frag
[info   ] ShaderFilesManager: Compiling shader: /usr/share/supertuxkart/data/shaders/sp_skinning.vert
[info   ] ShaderFilesManager: Compiling shader: /usr/share/supertuxkart/data/shaders/sp_skinning_shadow.vert
[info   ] ShaderFilesManager: Compiling shader: /usr/share/supertuxkart/data/shaders/sp_normal_map.frag
[info   ] ShaderFilesManager: Compiling shader: /usr/share/supertuxkart/data/shaders/sp_alpha_test.frag
[info   ] ShaderFilesManager: Compiling shader: /usr/share/supertuxkart/data/shaders/sp_shadow_alpha_test.frag
[info   ] ShaderFilesManager: Compiling shader: /usr/share/supertuxkart/data/shaders/sp_decal.frag
[info   ] ShaderFilesManager: Compiling shader: /usr/share/supertuxkart/data/shaders/sp_grass_pass.vert
[info   ] ShaderFilesManager: Compiling shader: /usr/share/supertuxkart/data/shaders/sp_grass.frag
[info   ] ShaderFilesManager: Compiling shader: /usr/share/supertuxkart/data/shaders/sp_grass_shadow.vert
[info   ] ShaderFilesManager: Compiling shader: /usr/share/supertuxkart/data/shaders/sp_unlit.frag
[info   ] ShaderFilesManager: Compiling shader: /usr/share/supertuxkart/data/shaders/sp_transparent.frag
[info   ] ShaderFilesManager: Compiling shader: /usr/share/supertuxkart/data/shaders/sp_ghost.frag
[info   ] ShaderFilesManager: Compiling shader: /usr/share/supertuxkart/data/shaders/sp_dynamic_night_bloom.frag
[info   ] ShaderFilesManager: Compiling shader: /usr/share/supertuxkart/data/shaders/sp_tilling_mitigation.frag
[info   ] ShaderFilesManager: Compiling shader: /usr/share/supertuxkart/data/shaders/sp_vertical_mapping.frag
[info   ] ShaderFilesManager: Compiling shader: /usr/share/supertuxkart/data/shaders/sp_road_blending.frag
[info   ] ShaderFilesManager: Compiling shader: /usr/share/supertuxkart/data/shaders/sp_displace.frag
[info   ] ShaderFilesManager: Compiling shader: /usr/share/supertuxkart/data/shaders/colorize.frag
[info   ] ShaderFilesManager: Compiling shader: /usr/share/supertuxkart/data/shaders/sp_normal_visualizer.vert
[info   ] ShaderFilesManager: Compiling shader: /usr/share/supertuxkart/data/shaders/sp_normal_visualizer.geom
[info   ] ShaderFilesManager: Compiling shader: /usr/share/supertuxkart/data/shaders/sp_normal_visualizer.frag
[warn   ] SPMeshBuffer: kartDirt shader is missing, fallback to solid
[warn   ] SPMeshBuffer: kartDirt shader is missing, fallback to solid
[warn   ] SPMeshBuffer: kartDirt shader is missing, fallback to solid
[warn   ] SPMeshBuffer: kartDirt shader is missing, fallback to solid
[warn   ] SPMeshBuffer: kartDirt shader is missing, fallback to solid
[info   ] Singleton: Destroyed singleton.
[info   ] Singleton: Destroyed singleton.
[info   ] Singleton: Destroyed singleton.
[info   ] Singleton: Destroyed singleton.
[info   ] Singleton: Destroyed singleton.
[info   ] Singleton: Destroyed singleton.
[info   ] Singleton: Destroyed singleton.
[info   ] Singleton: Destroyed singleton.
[info   ] Singleton: Destroyed singleton.
[info   ] Singleton: Destroyed singleton.
[info   ] [IrrDriver Logger]: ..:: Antarctica Rendering Engine 2.0 ::..
[info   ] [IrrDriver Logger]: SDL Version 2.0.16
[info   ] [IrrDriver Logger]: Using renderer: OpenGL 4.2
[info   ] [IrrDriver Logger]: Mesa DRI Intel(R) HD Graphics 4000 (IVB GT2): Intel Open Source Technology Center
[info   ] [IrrDriver Logger]: OpenGL driver version is 1.2 or better.
[info   ] [IrrDriver Logger]: GLSL version: 4.2
[info   ] IrrDriver: OpenGL version: 4.2
[info   ] IrrDriver: OpenGL vendor: Intel Open Source Technology Center
[info   ] IrrDriver: OpenGL renderer: Mesa DRI Intel(R) HD Graphics 4000 (IVB GT2)
[info   ] IrrDriver: OpenGL version string: 4.2 (Core Profile) Mesa 21.2.3
[info   ] GLDriver: ARB Buffer Storage Present
[info   ] GLDriver: ARB Compute Shader Present
[info   ] GLDriver: ARB Arrays of Arrays Present
[info   ] GLDriver: ARB Texture Storage Present
[info   ] GLDriver: ARB Texture View Present
[info   ] GLDriver: ARB Image Load Store Present
[info   ] GLDriver: ARB Shader Atomic Counters Present
[info   ] GLDriver: ARB Shader Storage Buffer Object Present
[info   ] GLDriver: EXT Texture Compression S3TC Present
[info   ] GLDriver: ARB Uniform Buffer Object Present
[info   ] GLDriver: ARB Explicit Attrib Location Present
[info   ] GLDriver: EXT Texture Filter Anisotropic Present
[info   ] GLDriver: Geometry Shaders Present
[info   ] GLDriver: ARB Texture Buffer Object Present
[info   ] GLDriver: ARB Texture Swizzle Present
[info   ] GLDriver: ARB Pixel Buffer Object Present
[info   ] GLDriver: ARB Sampler Objects Present
[info   ] GLDriver: ARB Vertex Type 2_10_10_10_rev Present
[info   ] GLDriver: ARB Instanced Arrays Present
[info   ] SharedGPUObjects: Hardware Skinning enabled, method: TBO, max bones: 1024
[info   ] ShaderFilesManager: Compiling shader: /usr/share/supertuxkart/data/shaders/screenquad.vert
[info   ] ShaderFilesManager: Compiling shader: /usr/share/supertuxkart/data/shaders/motion_blur.frag
[info   ] ShaderFilesManager: Compiling shader: /usr/share/supertuxkart/data/shaders/lightning.frag
[info   ] ShaderFilesManager: Compiling shader: /usr/share/supertuxkart/data/shaders/primitive2dlist.vert
[info   ] ShaderFilesManager: Compiling shader: /usr/share/supertuxkart/data/shaders/transparent.frag
[info   ] ShaderFilesManager: Compiling shader: /usr/share/supertuxkart/data/shaders/texturedquad.vert
[info   ] ShaderFilesManager: Compiling shader: /usr/share/supertuxkart/data/shaders/uniformcolortexturedquad.frag
[info   ] ShaderFilesManager: Compiling shader: /usr/share/supertuxkart/data/shaders/texturedquad.frag
[info   ] ShaderFilesManager: Compiling shader: /usr/share/supertuxkart/data/shaders/coloredquad.vert
[info   ] ShaderFilesManager: Compiling shader: /usr/share/supertuxkart/data/shaders/coloredquad.frag
[info   ] ShaderFilesManager: Compiling shader: /usr/share/supertuxkart/data/shaders/colortexturedquad.vert
[info   ] ShaderFilesManager: Compiling shader: /usr/share/supertuxkart/data/shaders/colortexturedquad.frag
[info   ] irr_driver: GLSL supported.
[info   ] ShaderFilesManager: Compiling shader: /usr/share/supertuxkart/data/shaders/sp_pass.vert
[info   ] ShaderFilesManager: Compiling shader: /usr/share/supertuxkart/data/shaders/sp_solid.frag
[info   ] ShaderFilesManager: Compiling shader: /usr/share/supertuxkart/data/shaders/sp_shadow.vert
[info   ] ShaderFilesManager: Compiling shader: /usr/share/supertuxkart/data/shaders/white.frag
[info   ] ShaderFilesManager: Compiling shader: /usr/share/supertuxkart/data/shaders/sp_skinning.vert
[info   ] ShaderFilesManager: Compiling shader: /usr/share/supertuxkart/data/shaders/sp_skinning_shadow.vert
[info   ] ShaderFilesManager: Compiling shader: /usr/share/supertuxkart/data/shaders/sp_normal_map.frag
[info   ] ShaderFilesManager: Compiling shader: /usr/share/supertuxkart/data/shaders/sp_alpha_test.frag
[info   ] ShaderFilesManager: Compiling shader: /usr/share/supertuxkart/data/shaders/sp_shadow_alpha_test.frag
[info   ] ShaderFilesManager: Compiling shader: /usr/share/supertuxkart/data/shaders/sp_decal.frag
[info   ] ShaderFilesManager: Compiling shader: /usr/share/supertuxkart/data/shaders/sp_grass_pass.vert
[info   ] ShaderFilesManager: Compiling shader: /usr/share/supertuxkart/data/shaders/sp_grass.frag
[info   ] ShaderFilesManager: Compiling shader: /usr/share/supertuxkart/data/shaders/sp_grass_shadow.vert
[info   ] ShaderFilesManager: Compiling shader: /usr/share/supertuxkart/data/shaders/sp_unlit.frag
[info   ] ShaderFilesManager: Compiling shader: /usr/share/supertuxkart/data/shaders/sp_transparent.frag
[info   ] ShaderFilesManager: Compiling shader: /usr/share/supertuxkart/data/shaders/sp_ghost.frag
[info   ] ShaderFilesManager: Compiling shader: /usr/share/supertuxkart/data/shaders/sp_dynamic_night_bloom.frag
[info   ] ShaderFilesManager: Compiling shader: /usr/share/supertuxkart/data/shaders/sp_tilling_mitigation.frag
[info   ] ShaderFilesManager: Compiling shader: /usr/share/supertuxkart/data/shaders/sp_vertical_mapping.frag
[info   ] ShaderFilesManager: Compiling shader: /usr/share/supertuxkart/data/shaders/sp_road_blending.frag
[info   ] ShaderFilesManager: Compiling shader: /usr/share/supertuxkart/data/shaders/sp_displace.frag
[info   ] ShaderFilesManager: Compiling shader: /usr/share/supertuxkart/data/shaders/colorize.frag
[info   ] ShaderFilesManager: Compiling shader: /usr/share/supertuxkart/data/shaders/sp_normal_visualizer.vert
[info   ] ShaderFilesManager: Compiling shader: /usr/share/supertuxkart/data/shaders/sp_normal_visualizer.geom
[info   ] ShaderFilesManager: Compiling shader: /usr/share/supertuxkart/data/shaders/sp_normal_visualizer.frag
[warn   ] SPMeshBuffer: kartDirt shader is missing, fallback to solid
[warn   ] SPMeshBuffer: kartDirt shader is missing, fallback to solid
[warn   ] SPMeshBuffer: kartDirt shader is missing, fallback to solid
[warn   ] SPMeshBuffer: kartDirt shader is missing, fallback to solid
[warn   ] SPMeshBuffer: kartDirt shader is missing, fallback to solid
[verbose  ] RaceManager: Nb of karts=1, ghost karts:0 ai:0 players:1

[info   ] ShaderFilesManager: Compiling shader: /usr/share/supertuxkart/data/tracks/overworld/splatting.frag
[info   ] ShaderFilesManager: Compiling shader: /usr/share/supertuxkart/data/shaders/simple_particle.vert
[info   ] ShaderFilesManager: Compiling shader: /usr/share/supertuxkart/data/shaders/simple_particle.frag
[info   ] ShaderFilesManager: Compiling shader: /usr/share/supertuxkart/data/shaders/alphatest_particle.vert
[info   ] ShaderFilesManager: Compiling shader: /usr/share/supertuxkart/data/shaders/alphatest_particle.frag
[info   ] ShaderFilesManager: Compiling shader: /usr/share/supertuxkart/data/shaders/degraded_ibl.frag
[info   ] ShaderFilesManager: Compiling shader: /usr/share/supertuxkart/data/shaders/sunlight.frag
[info   ] ShaderFilesManager: Compiling shader: /usr/share/supertuxkart/data/shaders/pointlight.vert
[info   ] ShaderFilesManager: Compiling shader: /usr/share/supertuxkart/data/shaders/pointlight.frag
[info   ] ShaderFilesManager: Compiling shader: /usr/share/supertuxkart/data/shaders/combine_diffuse_color.frag
[info   ] ShaderFilesManager: Compiling shader: /usr/share/supertuxkart/data/shaders/tonemap.frag
[info   ] Track: Overall scene complexity estimated at 106
[info   ] Script: allchallenges: unlocked_challenges=1, challenges=26
[info   ] Script: allchallenges: unlocked_challenges=1, challenges=26
[info   ] Script: allchallenges: unlocked_challenges=1, challenges=26
[info   ] Script: allchallenges: unlocked_challenges=1, challenges=26
[info   ] ShaderFilesManager: Compiling shader: /usr/share/supertuxkart/data/shaders/importance_sampling_specular.frag
[info   ] ShaderFilesManager: Compiling shader: /usr/share/supertuxkart/data/shaders/sunlightshadow.frag
[info   ] ShaderFilesManager: Compiling shader: /usr/share/supertuxkart/data/shaders/sky.vert
[info   ] ShaderFilesManager: Compiling shader: /usr/share/supertuxkart/data/shaders/sky.frag
[info   ] ShaderFilesManager: Compiling shader: /usr/share/supertuxkart/data/shaders/sp_text_billboard.frag
[info   ] ShaderFilesManager: Compiling shader: /usr/share/supertuxkart/data/shaders/bloom.frag
[info   ] ShaderFilesManager: Compiling shader: /usr/share/supertuxkart/data/shaders/gaussian6v.comp
[info   ] ShaderFilesManager: Compiling shader: /usr/share/supertuxkart/data/shaders/gaussian6h.comp
[info   ] ShaderFilesManager: Compiling shader: /usr/share/supertuxkart/data/shaders/gaussian6h.frag
[info   ] ShaderFilesManager: Compiling shader: /usr/share/supertuxkart/data/shaders/bloomblend.frag
[info   ] ShaderFilesManager: Compiling shader: /usr/share/supertuxkart/data/shaders/lensblend.frag
[info   ] ShaderFilesManager: Compiling shader: /usr/share/supertuxkart/data/shaders/passthrough.frag
[verbose  ] StoryModeTimer: Total speedrun pause time : 10068ms.
[info   ] Singleton: Destroyed singleton.
[warn   ] LayoutManager: Statically sized widgets took all the place!!
[warn   ] LayoutManager: Statically sized widgets took all the place!!
[info   ] Singleton: Destroyed singleton.
[info   ] Singleton: Destroyed singleton.
[info   ] Singleton: Destroyed singleton.
[info   ] Singleton: Destroyed singleton.
[info   ] Singleton: Destroyed singleton.
[info   ] Singleton: Destroyed singleton.
[info   ] Singleton: Destroyed singleton.
[info   ] Singleton: Destroyed singleton.
[info   ] Singleton: Destroyed singleton.
[info   ] Singleton: Destroyed singleton.
[info   ] Singleton: Destroyed singleton.
[info   ] Singleton: Destroyed singleton.
[info   ] Singleton: Destroyed singleton.
[info   ] Singleton: Destroyed singleton.
[info   ] Singleton: Destroyed singleton.
[info   ] Singleton: Destroyed singleton.
[info   ] Singleton: Destroyed singleton.
[info   ] Singleton: Destroyed singleton.
[info   ] Singleton: Destroyed singleton.
[info   ] Singleton: Destroyed singleton.
[info   ] Singleton: Destroyed singleton.
[info   ] Singleton: Destroyed singleton.
[info   ] Singleton: Destroyed singleton.
[info   ] Singleton: Destroyed singleton.
[info   ] Singleton: Destroyed singleton.
[info   ] Singleton: Destroyed singleton.
[info   ] Singleton: Destroyed singleton.
[info   ] Singleton: Destroyed singleton.
[info   ] Singleton: Destroyed singleton.
[info   ] [IrrDriver Logger]: ..:: Antarctica Rendering Engine 2.0 ::..
[info   ] [IrrDriver Logger]: SDL Version 2.0.16
[info   ] [IrrDriver Logger]: Using renderer: OpenGL 4.2
[info   ] [IrrDriver Logger]: Mesa DRI Intel(R) HD Graphics 4000 (IVB GT2): Intel Open Source Technology Center
[info   ] [IrrDriver Logger]: OpenGL driver version is 1.2 or better.
[info   ] [IrrDriver Logger]: GLSL version: 4.2
[info   ] IrrDriver: OpenGL version: 4.2
[info   ] IrrDriver: OpenGL vendor: Intel Open Source Technology Center
[info   ] IrrDriver: OpenGL renderer: Mesa DRI Intel(R) HD Graphics 4000 (IVB GT2)
[info   ] IrrDriver: OpenGL version string: 4.2 (Core Profile) Mesa 21.2.3
[info   ] GLDriver: ARB Buffer Storage Present
[info   ] GLDriver: ARB Compute Shader Present
[info   ] GLDriver: ARB Arrays of Arrays Present
[info   ] GLDriver: ARB Texture Storage Present
[info   ] GLDriver: ARB Texture View Present
[info   ] GLDriver: ARB Image Load Store Present
[info   ] GLDriver: ARB Shader Atomic Counters Present
[info   ] GLDriver: ARB Shader Storage Buffer Object Present
[info   ] GLDriver: EXT Texture Compression S3TC Present
[info   ] GLDriver: ARB Uniform Buffer Object Present
[info   ] GLDriver: ARB Explicit Attrib Location Present
[info   ] GLDriver: EXT Texture Filter Anisotropic Present
[info   ] GLDriver: Geometry Shaders Present
[info   ] GLDriver: ARB Texture Buffer Object Present
[info   ] GLDriver: ARB Texture Swizzle Present
[info   ] GLDriver: ARB Pixel Buffer Object Present
[info   ] GLDriver: ARB Sampler Objects Present
[info   ] GLDriver: ARB Vertex Type 2_10_10_10_rev Present
[info   ] GLDriver: ARB Instanced Arrays Present
[info   ] SharedGPUObjects: Hardware Skinning enabled, method: TBO, max bones: 1024
[info   ] ShaderFilesManager: Compiling shader: /usr/share/supertuxkart/data/shaders/screenquad.vert
[info   ] ShaderFilesManager: Compiling shader: /usr/share/supertuxkart/data/shaders/motion_blur.frag
[info   ] ShaderFilesManager: Compiling shader: /usr/share/supertuxkart/data/shaders/lightning.frag
[info   ] ShaderFilesManager: Compiling shader: /usr/share/supertuxkart/data/shaders/primitive2dlist.vert
[info   ] ShaderFilesManager: Compiling shader: /usr/share/supertuxkart/data/shaders/transparent.frag
[info   ] ShaderFilesManager: Compiling shader: /usr/share/supertuxkart/data/shaders/texturedquad.vert
[info   ] ShaderFilesManager: Compiling shader: /usr/share/supertuxkart/data/shaders/uniformcolortexturedquad.frag
[info   ] ShaderFilesManager: Compiling shader: /usr/share/supertuxkart/data/shaders/texturedquad.frag
[info   ] ShaderFilesManager: Compiling shader: /usr/share/supertuxkart/data/shaders/coloredquad.vert
[info   ] ShaderFilesManager: Compiling shader: /usr/share/supertuxkart/data/shaders/coloredquad.frag
[info   ] ShaderFilesManager: Compiling shader: /usr/share/supertuxkart/data/shaders/colortexturedquad.vert
[info   ] ShaderFilesManager: Compiling shader: /usr/share/supertuxkart/data/shaders/colortexturedquad.frag
[info   ] irr_driver: GLSL supported.
[info   ] ShaderFilesManager: Compiling shader: /usr/share/supertuxkart/data/shaders/sp_pass.vert
[info   ] ShaderFilesManager: Compiling shader: /usr/share/supertuxkart/data/shaders/sp_solid.frag
[info   ] ShaderFilesManager: Compiling shader: /usr/share/supertuxkart/data/shaders/sp_skinning.vert
[info   ] ShaderFilesManager: Compiling shader: /usr/share/supertuxkart/data/shaders/sp_alpha_test.frag
[info   ] ShaderFilesManager: Compiling shader: /usr/share/supertuxkart/data/shaders/sp_decal.frag
[info   ] ShaderFilesManager: Compiling shader: /usr/share/supertuxkart/data/shaders/sp_grass_pass.vert
[info   ] ShaderFilesManager: Compiling shader: /usr/share/supertuxkart/data/shaders/sp_grass.frag
[info   ] ShaderFilesManager: Compiling shader: /usr/share/supertuxkart/data/shaders/sp_transparent.frag
[info   ] ShaderFilesManager: Compiling shader: /usr/share/supertuxkart/data/shaders/sp_ghost.frag
[warn   ] SPMeshBuffer: kartDirt shader is missing, fallback to solid
[warn   ] SPMeshBuffer: kartDirt shader is missing, fallback to solid
[warn   ] SPMeshBuffer: kartDirt shader is missing, fallback to solid
[warn   ] SPMeshBuffer: kartDirt shader is missing, fallback to solid
[warn   ] SPMeshBuffer: kartDirt shader is missing, fallback to solid
[verbose  ] RaceManager: Nb of karts=1, ghost karts:0 ai:0 players:1

[info   ] ShaderFilesManager: Compiling shader: /usr/share/supertuxkart/data/tracks/overworld/splatting.frag
[info   ] ShaderFilesManager: Compiling shader: /usr/share/supertuxkart/data/shaders/simple_particle.vert
[info   ] ShaderFilesManager: Compiling shader: /usr/share/supertuxkart/data/shaders/simple_particle.frag
[info   ] ShaderFilesManager: Compiling shader: /usr/share/supertuxkart/data/shaders/alphatest_particle.vert
[info   ] ShaderFilesManager: Compiling shader: /usr/share/supertuxkart/data/shaders/alphatest_particle.frag
[info   ] Track: Overall scene complexity estimated at 106
[info   ] Script: allchallenges: unlocked_challenges=1, challenges=26
[info   ] Script: allchallenges: unlocked_challenges=1, challenges=26
[info   ] Script: allchallenges: unlocked_challenges=1, challenges=26
[info   ] Script: allchallenges: unlocked_challenges=1, challenges=26
[info   ] ShaderFilesManager: Compiling shader: /usr/share/supertuxkart/data/shaders/sky.vert
[info   ] ShaderFilesManager: Compiling shader: /usr/share/supertuxkart/data/shaders/sky.frag
[info   ] ShaderFilesManager: Compiling shader: /usr/share/supertuxkart/data/shaders/sp_text_billboard.frag
[verbose  ] StoryModeTimer: Total speedrun pause time : 11121ms.
[info   ] Script: onForceFieldKartCollision
[info   ] Script: onForceFieldKartCollision
[info   ] Script: onForceFieldKartCollision
[info   ] Script: onForceFieldKartCollision
[info   ] Script: onForceFieldKartCollision
[info   ] Script: onForceFieldKartCollision
[info   ] Script: onForceFieldKartCollision
[info   ] Script: onForceFieldKartCollision
[info   ] Script: onForceFieldKartCollision
[info   ] Script: onForceFieldKartCollision
[info   ] Script: onForceFieldKartCollision
[info   ] Script: onForceFieldKartCollision
[info   ] Script: onForceFieldKartCollision
[info   ] Script: onForceFieldKartCollision
[info   ] Script: onForceFieldKartCollision
[info   ] Script: onForceFieldKartCollision
[info   ] Script: onForceFieldKartCollision
[info   ] Script: onForceFieldKartCollision
[info   ] Script: onForceFieldKartCollision
[info   ] Script: onForceFieldKartCollision
[info   ] Script: onForceFieldKartCollision
[info   ] Script: onForceFieldKartCollision
[info   ] Script: onForceFieldKartCollision
[info   ] Script: onForceFieldKartCollision
[info   ] Script: onForceFieldKartCollision
[info   ] Script: onForceFieldKartCollision
[info   ] Script: onForceFieldKartCollision
[info   ] Script: onForceFieldKartCollision
[info   ] Script: onForceFieldKartCollision
[info   ] Script: onForceFieldKartCollision
[info   ] Script: onForceFieldKartCollision
[info   ] Script: onForceFieldKartCollision
[info   ] Script: onForceFieldKartCollision
[info   ] Script: onForceFieldKartCollision
[info   ] Script: onForceFieldKartCollision
[info   ] Script: onForceFieldKartCollision
[info   ] Script: onForceFieldKartCollision
[info   ] Script: onForceFieldKartCollision
[info   ] Script: onForceFieldKartCollision
[info   ] Script: onForceFieldKartCollision
[info   ] Script: onForceFieldKartCollision
[info   ] Script: onForceFieldKartCollision
[info   ] Script: onForceFieldKartCollision
[info   ] Script: onForceFieldKartCollision
[info   ] Script: onForceFieldKartCollision
[info   ] Script: onForceFieldKartCollision
[info   ] Script: onForceFieldKartCollision
[info   ] Script: onForceFieldKartCollision
[info   ] Script: onForceFieldKartCollision
[info   ] Script: onForceFieldKartCollision
[info   ] Script: onForceFieldKartCollision
[info   ] Script: onForceFieldKartCollision
[info   ] Script: onForceFieldKartCollision
[info   ] Script: onForceFieldKartCollision
[info   ] Script: onForceFieldKartCollision
[info   ] Script: onForceFieldKartCollision
[info   ] Script: onForceFieldKartCollision
[info   ] Script: onForceFieldKartCollision
[info   ] Script: onForceFieldKartCollision
[info   ] Script: onForceFieldKartCollision
[info   ] Script: onForceFieldKartCollision
[info   ] Script: onForceFieldKartCollision
[info   ] Script: onForceFieldKartCollision
[info   ] Script: onForceFieldKartCollision
[info   ] Script: onForceFieldKartCollision
[info   ] Script: onForceFieldKartCollision
[info   ] Script: onForceFieldKartCollision
[info   ] Script: onForceFieldKartCollision
[info   ] Script: onForceFieldKartCollision
[info   ] Script: onForceFieldKartCollision
[info   ] Script: onForceFieldKartCollision
[info   ] Script: onForceFieldKartCollision
[info   ] Script: onForceFieldKartCollision
[info   ] Script: onForceFieldKartCollision
[info   ] Script: onForceFieldKartCollision
[info   ] Script: onForceFieldKartCollision
[info   ] Script: onForceFieldKartCollision
[info   ] Script: onForceFieldKartCollision
[info   ] Script: onForceFieldKartCollision
[info   ] Script: onForceFieldKartCollision
[info   ] Script: onForceFieldKartCollision
[info   ] Script: onForceFieldKartCollision
[info   ] Script: onForceFieldKartCollision
[info   ] Script: onForceFieldKartCollision
[info   ] Script: onForceFieldKartCollision
[info   ] Script: onForceFieldKartCollision
[info   ] Script: onForceFieldKartCollision
[info   ] Script: onForceFieldKartCollision
[info   ] Script: onForceFieldKartCollision
[info   ] Script: onForceFieldKartCollision
[info   ] Script: onForceFieldKartCollision
[info   ] Script: onForceFieldKartCollision
[info   ] Script: onForceFieldKartCollision
[info   ] Script: onForceFieldKartCollision
[info   ] Script: onForceFieldKartCollision
[info   ] Script: onForceFieldKartCollision
[info   ] Script: onForceFieldKartCollision
[info   ] Script: onForceFieldKartCollision
[info   ] Script: onForceFieldKartCollision
[info   ] Script: onForceFieldKartCollision
[info   ] Script: onForceFieldKartCollision
[info   ] Script: onForceFieldKartCollision
[info   ] Script: onForceFieldKartCollision
[info   ] Script: onForceFieldKartCollision
[info   ] Script: onForceFieldKartCollision
[info   ] Script: onForceFieldKartCollision
[info   ] Script: onForceFieldKartCollision
[info   ] Script: onForceFieldKartCollision
[info   ] Script: onForceFieldKartCollision
[info   ] Singleton: Destroyed singleton.
[verbose  ] RaceManager: Nb of karts=6, ghost karts:0 ai:5 players:1

[info   ] Track: Overall scene complexity estimated at 154
[verbose  ] StoryModeTimer: Total speedrun pause time : 11812ms.
[warn   ] LayoutManager: Statically sized widgets took all the place!!
[warn   ] RaceResultGUI: Incorrect event 'left' when things are unlocked.
[info   ] Singleton: Destroyed singleton.
[verbose  ] RaceManager: Nb of karts=1, ghost karts:0 ai:0 players:1

[info   ] ShaderFilesManager: Compiling shader: /usr/share/supertuxkart/data/tracks/overworld/splatting.frag
[info   ] Track: Overall scene complexity estimated at 106
[info   ] Script: allchallenges: unlocked_challenges=2, challenges=26
[info   ] Script: allchallenges: unlocked_challenges=2, challenges=26
[info   ] Script: allchallenges: unlocked_challenges=2, challenges=26
[info   ] Script: allchallenges: unlocked_challenges=2, challenges=26
[verbose  ] StoryModeTimer: Total speedrun pause time : 12578ms.
[info   ] Singleton: Destroyed singleton.
[verbose  ] RaceManager: Nb of karts=6, ghost karts:0 ai:5 players:1

[info   ] Track: Overall scene complexity estimated at 422
[verbose  ] StoryModeTimer: Total speedrun pause time : 13164ms.
[info   ] Singleton: Destroyed singleton.
[info   ] Singleton: Destroyed singleton.
[info   ] Singleton: Destroyed singleton.
[info   ] Singleton: Destroyed singleton.
[info   ] Singleton: Destroyed singleton.
[info   ] Singleton: Destroyed singleton.
[info   ] Singleton: Destroyed singleton.
[info   ] Singleton: Destroyed singleton.
[info   ] Singleton: Destroyed singleton.
[info   ] Singleton: Destroyed singleton.
[info   ] Singleton: Destroyed singleton.
[info   ] Singleton: Destroyed singleton.
[info   ] Singleton: Destroyed singleton.
[info   ] Singleton: Destroyed singleton.
[info   ] Singleton: Destroyed singleton.
[info   ] Singleton: Destroyed singleton.
